[    0.000000] microcode: updated early: 0x108 -> 0x11d, date = 2023-08-29
[    0.000000] Linux version 6.5.0-25-generic (buildd@bos03-amd64-044) (x86_64-linux-gnu-gcc-12 (Ubuntu 12.3.0-1ubuntu1~22.04) 12.3.0, GNU ld (GNU Binutils for Ubuntu) 2.38) #25~22.04.1-Ubuntu SMP PREEMPT_DYNAMIC Tue Feb 20 16:09:15 UTC 2 (Ubuntu 6.5.0-25.25~22.04.1-generic 6.5.13)
[    0.000000] Command line: BOOT_IMAGE=/boot/vmlinuz-6.5.0-25-generic root=UUID=0b19ec64-3891-45a8-a898-8facd1f11db5 ro quiet splash vt.handoff=7
[    0.000000] KERNEL supported cpus:
[    0.000000]   Intel GenuineIntel
[    0.000000]   AMD AuthenticAMD
[    0.000000]   Hygon HygonGenuine
[    0.000000]   Centaur CentaurHauls
[    0.000000]   zhaoxin   Shanghai  
[    0.000000] x86/split lock detection: #AC: crashing the kernel on kernel split_locks and warning on user-space split_locks
[    0.000000] BIOS-provided physical RAM map:
[    0.000000] BIOS-e820: [mem 0x0000000000000000-0x000000000009dfff] usable
[    0.000000] BIOS-e820: [mem 0x000000000009e000-0x000000000009efff] reserved
[    0.000000] BIOS-e820: [mem 0x000000000009f000-0x000000000009ffff] usable
[    0.000000] BIOS-e820: [mem 0x00000000000a0000-0x00000000000fffff] reserved
[    0.000000] BIOS-e820: [mem 0x0000000000100000-0x0000000063e94fff] usable
[    0.000000] BIOS-e820: [mem 0x0000000063e95000-0x0000000063e95fff] reserved
[    0.000000] BIOS-e820: [mem 0x0000000063e96000-0x0000000063e9bfff] usable
[    0.000000] BIOS-e820: [mem 0x0000000063e9c000-0x0000000063e9cfff] reserved
[    0.000000] BIOS-e820: [mem 0x0000000063e9d000-0x0000000070560fff] usable
[    0.000000] BIOS-e820: [mem 0x0000000070561000-0x0000000074260fff] reserved
[    0.000000] BIOS-e820: [mem 0x0000000074261000-0x00000000744b0fff] ACPI data
[    0.000000] BIOS-e820: [mem 0x00000000744b1000-0x000000007471efff] ACPI NVS
[    0.000000] BIOS-e820: [mem 0x000000007471f000-0x0000000075ffefff] reserved
[    0.000000] BIOS-e820: [mem 0x0000000075fff000-0x0000000075ffffff] usable
[    0.000000] BIOS-e820: [mem 0x0000000076000000-0x0000000079ffffff] reserved
[    0.000000] BIOS-e820: [mem 0x000000007a400000-0x000000007a7fffff] reserved
[    0.000000] BIOS-e820: [mem 0x000000007b000000-0x00000000807fffff] reserved
[    0.000000] BIOS-e820: [mem 0x00000000c0000000-0x00000000cfffffff] reserved
[    0.000000] BIOS-e820: [mem 0x00000000fe000000-0x00000000fe010fff] reserved
[    0.000000] BIOS-e820: [mem 0x00000000fec00000-0x00000000fec00fff] reserved
[    0.000000] BIOS-e820: [mem 0x00000000fed00000-0x00000000fed00fff] reserved
[    0.000000] BIOS-e820: [mem 0x00000000fed20000-0x00000000fed7ffff] reserved
[    0.000000] BIOS-e820: [mem 0x00000000fee00000-0x00000000fee00fff] reserved
[    0.000000] BIOS-e820: [mem 0x00000000ff000000-0x00000000ffffffff] reserved
[    0.000000] BIOS-e820: [mem 0x0000000100000000-0x000000047f7fffff] usable
[    0.000000] NX (Execute Disable) protection: active
[    0.000000] e820: update [mem 0x58b11018-0x58b35a57] usable ==> usable
[    0.000000] e820: update [mem 0x58b11018-0x58b35a57] usable ==> usable
[    0.000000] e820: update [mem 0x5d808018-0x5d815857] usable ==> usable
[    0.000000] e820: update [mem 0x5d808018-0x5d815857] usable ==> usable
[    0.000000] extended physical RAM map:
[    0.000000] reserve setup_data: [mem 0x0000000000000000-0x000000000009dfff] usable
[    0.000000] reserve setup_data: [mem 0x000000000009e000-0x000000000009efff] reserved
[    0.000000] reserve setup_data: [mem 0x000000000009f000-0x000000000009ffff] usable
[    0.000000] reserve setup_data: [mem 0x00000000000a0000-0x00000000000fffff] reserved
[    0.000000] reserve setup_data: [mem 0x0000000000100000-0x0000000058b11017] usable
[    0.000000] reserve setup_data: [mem 0x0000000058b11018-0x0000000058b35a57] usable
[    0.000000] reserve setup_data: [mem 0x0000000058b35a58-0x000000005d808017] usable
[    0.000000] reserve setup_data: [mem 0x000000005d808018-0x000000005d815857] usable
[    0.000000] reserve setup_data: [mem 0x000000005d815858-0x0000000063e94fff] usable
[    0.000000] reserve setup_data: [mem 0x0000000063e95000-0x0000000063e95fff] reserved
[    0.000000] reserve setup_data: [mem 0x0000000063e96000-0x0000000063e9bfff] usable
[    0.000000] reserve setup_data: [mem 0x0000000063e9c000-0x0000000063e9cfff] reserved
[    0.000000] reserve setup_data: [mem 0x0000000063e9d000-0x0000000070560fff] usable
[    0.000000] reserve setup_data: [mem 0x0000000070561000-0x0000000074260fff] reserved
[    0.000000] reserve setup_data: [mem 0x0000000074261000-0x00000000744b0fff] ACPI data
[    0.000000] reserve setup_data: [mem 0x00000000744b1000-0x000000007471efff] ACPI NVS
[    0.000000] reserve setup_data: [mem 0x000000007471f000-0x0000000075ffefff] reserved
[    0.000000] reserve setup_data: [mem 0x0000000075fff000-0x0000000075ffffff] usable
[    0.000000] reserve setup_data: [mem 0x0000000076000000-0x0000000079ffffff] reserved
[    0.000000] reserve setup_data: [mem 0x000000007a400000-0x000000007a7fffff] reserved
[    0.000000] reserve setup_data: [mem 0x000000007b000000-0x00000000807fffff] reserved
[    0.000000] reserve setup_data: [mem 0x00000000c0000000-0x00000000cfffffff] reserved
[    0.000000] reserve setup_data: [mem 0x00000000fe000000-0x00000000fe010fff] reserved
[    0.000000] reserve setup_data: [mem 0x00000000fec00000-0x00000000fec00fff] reserved
[    0.000000] reserve setup_data: [mem 0x00000000fed00000-0x00000000fed00fff] reserved
[    0.000000] reserve setup_data: [mem 0x00000000fed20000-0x00000000fed7ffff] reserved
[    0.000000] reserve setup_data: [mem 0x00000000fee00000-0x00000000fee00fff] reserved
[    0.000000] reserve setup_data: [mem 0x00000000ff000000-0x00000000ffffffff] reserved
[    0.000000] reserve setup_data: [mem 0x0000000100000000-0x000000047f7fffff] usable
[    0.000000] efi: EFI v2.8 by American Megatrends
[    0.000000] efi: ACPI=0x744b0000 ACPI 2.0=0x744b0014 TPMFinalLog=0x745ec000 SMBIOS=0x75d1d000 SMBIOS 3.0=0x75d1c000 MEMATTR=0x6bbf9018 ESRT=0x6dc78018 MOKvar=0x75cf0000 RNG=0x7441ec18 TPMEventLog=0x5fcd2018 
[    0.000000] random: crng init done
[    0.000000] efi: Remove mem85: MMIO range=[0xc0000000-0xcfffffff] (256MB) from e820 map
[    0.000000] e820: remove [mem 0xc0000000-0xcfffffff] reserved
[    0.000000] efi: Not removing mem86: MMIO range=[0xfe000000-0xfe010fff] (68KB) from e820 map
[    0.000000] efi: Not removing mem87: MMIO range=[0xfec00000-0xfec00fff] (4KB) from e820 map
[    0.000000] efi: Not removing mem88: MMIO range=[0xfed00000-0xfed00fff] (4KB) from e820 map
[    0.000000] efi: Not removing mem90: MMIO range=[0xfee00000-0xfee00fff] (4KB) from e820 map
[    0.000000] efi: Remove mem91: MMIO range=[0xff000000-0xffffffff] (16MB) from e820 map
[    0.000000] e820: remove [mem 0xff000000-0xffffffff] reserved
[    0.000000] secureboot: Secure boot disabled
[    0.000000] SMBIOS 3.4.0 present.
[    0.000000] DMI: ASUS System Product Name/PRIME Z690-P WIFI, BIOS 2002 08/24/2022
[    0.000000] tsc: Detected 3000.000 MHz processor
[    0.000000] tsc: Detected 2995.200 MHz TSC
[    0.000590] e820: update [mem 0x00000000-0x00000fff] usable ==> reserved
[    0.000591] e820: remove [mem 0x000a0000-0x000fffff] usable
[    0.000597] last_pfn = 0x47f800 max_arch_pfn = 0x400000000
[    0.000600] total RAM covered: 30656M
[    0.000657] Found optimal setting for mtrr clean up
[    0.000658]  gran_size: 64K 	chunk_size: 128M 	num_reg: 5  	lose cover RAM: 0G
[    0.000660] MTRR map: 6 entries (3 fixed + 3 variable; max 23), built from 10 variable MTRRs
[    0.000661] x86/PAT: Configuration [0-7]: WB  WC  UC- UC  WB  WP  UC- WT  
[    0.001066] e820: update [mem 0x7c000000-0xffffffff] usable ==> reserved
[    0.001068] last_pfn = 0x76000 max_arch_pfn = 0x400000000
[    0.004896] esrt: Reserving ESRT space from 0x000000006dc78018 to 0x000000006dc780a0.
[    0.004899] e820: update [mem 0x6dc78000-0x6dc78fff] usable ==> reserved
[    0.004911] Using GB pages for direct mapping
[    0.004912] Incomplete global flushes, disabling PCID
[    0.005070] secureboot: Secure boot disabled
[    0.005070] RAMDISK: [mem 0x58b36000-0x5ce33fff]
[    0.005074] ACPI: Early table checksum verification disabled
[    0.005076] ACPI: RSDP 0x00000000744B0014 000024 (v02 ALASKA)
[    0.005079] ACPI: XSDT 0x00000000744AF728 000124 (v01 ALASKA A M I    01072009 AMI  01000013)
[    0.005082] ACPI: FACP 0x00000000744AD000 000114 (v06 ALASKA A M I    01072009 AMI  01000013)
[    0.005085] ACPI: DSDT 0x0000000074434000 078B50 (v02 ALASKA A M I    01072009 INTL 20200717)
[    0.005087] ACPI: FACS 0x000000007471E000 000040
[    0.005089] ACPI: MCFG 0x00000000744AE000 00003C (v01 ALASKA A M I    01072009 MSFT 00000097)
[    0.005091] ACPI: FIDT 0x0000000074433000 00009C (v01 ALASKA A M I    01072009 AMI  00010013)
[    0.005092] ACPI: MSDM 0x0000000074432000 000055 (v01 ALASKA A M I    01072009      8BE4DF61)
[    0.005094] ACPI: SSDT 0x0000000074431000 00038C (v02 PmaxDv Pmax_Dev 00000001 INTL 20200717)
[    0.005096] ACPI: SSDT 0x000000007442B000 005D2C (v02 CpuRef CpuSsdt  00003000 INTL 20200717)
[    0.005098] ACPI: SSDT 0x0000000074428000 002AA1 (v02 SaSsdt SaSsdt   00003000 INTL 20200717)
[    0.005099] ACPI: SSDT 0x0000000074424000 003339 (v02 INTEL  IgfxSsdt 00003000 INTL 20200717)
[    0.005101] ACPI: HPET 0x0000000074423000 000038 (v01 ALASKA A M I    01072009 AMI  01000013)
[    0.005102] ACPI: APIC 0x0000000074422000 0001DC (v05 ALASKA A M I    01072009 AMI  01000013)
[    0.005104] ACPI: MCFG 0x0000000074421000 00003C (v01 ALASKA A M I    01072009 AMI  01000013)
[    0.005106] ACPI: SSDT 0x000000007441F000 001F1A (v02 ALASKA Ther_Rvp 00001000 INTL 20200717)
[    0.005107] ACPI: NHLT 0x000000007441D000 00002D (v00 ALASKA A M I    01072009 AMI  01000013)
[    0.005109] ACPI: LPIT 0x000000007441C000 0000CC (v01 ALASKA A M I    01072009 AMI  01000013)
[    0.005111] ACPI: SSDT 0x0000000074418000 002357 (v02 ALASKA TbtTypeC 00000000 INTL 20200717)
[    0.005112] ACPI: SSDT 0x0000000074415000 002A83 (v02 ALASKA PtidDevc 00001000 INTL 20200717)
[    0.005114] ACPI: DBGP 0x0000000074414000 000034 (v01 ALASKA A M I    01072009 AMI  01000013)
[    0.005116] ACPI: DBG2 0x0000000074413000 000054 (v00 ALASKA A M I    01072009 AMI  01000013)
[    0.005117] ACPI: SSDT 0x0000000074412000 000C1F (v02 ALASKA UsbCTabl 00001000 INTL 20200717)
[    0.005119] ACPI: DMAR 0x0000000074411000 000050 (v02 INTEL  EDK2     00000002      01000013)
[    0.005120] ACPI: SSDT 0x000000007440F000 001CD8 (v02 INTEL  xh_adls3 00000000 INTL 20200717)
[    0.005122] ACPI: SSDT 0x000000007440B000 003AEA (v02 SocGpe SocGpe   00003000 INTL 20200717)
[    0.005124] ACPI: SSDT 0x0000000074407000 0039DA (v02 SocCmn SocCmn   00003000 INTL 20200717)
[    0.005125] ACPI: SSDT 0x0000000074406000 000144 (v02 Intel  ADebTabl 00001000 INTL 20200717)
[    0.005127] ACPI: UEFI 0x000000007452E000 00063A (v01 INTEL  RstVmdE  00000000 INTL 00000000)
[    0.005129] ACPI: UEFI 0x000000007452D000 00005C (v01 INTEL  RstVmdV  00000000 INTL 00000000)
[    0.005130] ACPI: BGRT 0x0000000074405000 000038 (v01 ALASKA A M I    01072009 AMI  00010013)
[    0.005132] ACPI: WPBT 0x0000000074326000 000040 (v01 ALASKA A M I    00000001 ASUS 00000001)
[    0.005134] ACPI: TPM2 0x0000000074325000 00004C (v04 ALASKA A M I    00000001 AMI  00000000)
[    0.005135] ACPI: PHAT 0x0000000074324000 0005F1 (v01 ALASKA A M I    00000005 MSFT 0100000D)
[    0.005137] ACPI: WSMT 0x000000007441B000 000028 (v01 ALASKA A M I    01072009 AMI  00010013)
[    0.005139] ACPI: FPDT 0x0000000074323000 000044 (v01 ALASKA A M I    01072009 AMI  01000013)
[    0.005140] ACPI: Reserving FACP table memory at [mem 0x744ad000-0x744ad113]
[    0.005141] ACPI: Reserving DSDT table memory at [mem 0x74434000-0x744acb4f]
[    0.005141] ACPI: Reserving FACS table memory at [mem 0x7471e000-0x7471e03f]
[    0.005142] ACPI: Reserving MCFG table memory at [mem 0x744ae000-0x744ae03b]
[    0.005142] ACPI: Reserving FIDT table memory at [mem 0x74433000-0x7443309b]
[    0.005143] ACPI: Reserving MSDM table memory at [mem 0x74432000-0x74432054]
[    0.005143] ACPI: Reserving SSDT table memory at [mem 0x74431000-0x7443138b]
[    0.005144] ACPI: Reserving SSDT table memory at [mem 0x7442b000-0x74430d2b]
[    0.005144] ACPI: Reserving SSDT table memory at [mem 0x74428000-0x7442aaa0]
[    0.005144] ACPI: Reserving SSDT table memory at [mem 0x74424000-0x74427338]
[    0.005145] ACPI: Reserving HPET table memory at [mem 0x74423000-0x74423037]
[    0.005145] ACPI: Reserving APIC table memory at [mem 0x74422000-0x744221db]
[    0.005146] ACPI: Reserving MCFG table memory at [mem 0x74421000-0x7442103b]
[    0.005146] ACPI: Reserving SSDT table memory at [mem 0x7441f000-0x74420f19]
[    0.005147] ACPI: Reserving NHLT table memory at [mem 0x7441d000-0x7441d02c]
[    0.005147] ACPI: Reserving LPIT table memory at [mem 0x7441c000-0x7441c0cb]
[    0.005147] ACPI: Reserving SSDT table memory at [mem 0x74418000-0x7441a356]
[    0.005148] ACPI: Reserving SSDT table memory at [mem 0x74415000-0x74417a82]
[    0.005148] ACPI: Reserving DBGP table memory at [mem 0x74414000-0x74414033]
[    0.005149] ACPI: Reserving DBG2 table memory at [mem 0x74413000-0x74413053]
[    0.005149] ACPI: Reserving SSDT table memory at [mem 0x74412000-0x74412c1e]
[    0.005149] ACPI: Reserving DMAR table memory at [mem 0x74411000-0x7441104f]
[    0.005150] ACPI: Reserving SSDT table memory at [mem 0x7440f000-0x74410cd7]
[    0.005150] ACPI: Reserving SSDT table memory at [mem 0x7440b000-0x7440eae9]
[    0.005151] ACPI: Reserving SSDT table memory at [mem 0x74407000-0x7440a9d9]
[    0.005151] ACPI: Reserving SSDT table memory at [mem 0x74406000-0x74406143]
[    0.005152] ACPI: Reserving UEFI table memory at [mem 0x7452e000-0x7452e639]
[    0.005152] ACPI: Reserving UEFI table memory at [mem 0x7452d000-0x7452d05b]
[    0.005152] ACPI: Reserving BGRT table memory at [mem 0x74405000-0x74405037]
[    0.005153] ACPI: Reserving WPBT table memory at [mem 0x74326000-0x7432603f]
[    0.005153] ACPI: Reserving TPM2 table memory at [mem 0x74325000-0x7432504b]
[    0.005154] ACPI: Reserving PHAT table memory at [mem 0x74324000-0x743245f0]
[    0.005154] ACPI: Reserving WSMT table memory at [mem 0x7441b000-0x7441b027]
[    0.005155] ACPI: Reserving FPDT table memory at [mem 0x74323000-0x74323043]
[    0.005329] No NUMA configuration found
[    0.005330] Faking a node at [mem 0x0000000000000000-0x000000047f7fffff]
[    0.005333] NODE_DATA(0) allocated [mem 0x47f7d5000-0x47f7fffff]
[    0.005421] Zone ranges:
[    0.005422]   DMA      [mem 0x0000000000001000-0x0000000000ffffff]
[    0.005423]   DMA32    [mem 0x0000000001000000-0x00000000ffffffff]
[    0.005423]   Normal   [mem 0x0000000100000000-0x000000047f7fffff]
[    0.005424]   Device   empty
[    0.005425] Movable zone start for each node
[    0.005425] Early memory node ranges
[    0.005425]   node   0: [mem 0x0000000000001000-0x000000000009dfff]
[    0.005426]   node   0: [mem 0x000000000009f000-0x000000000009ffff]
[    0.005427]   node   0: [mem 0x0000000000100000-0x0000000063e94fff]
[    0.005427]   node   0: [mem 0x0000000063e96000-0x0000000063e9bfff]
[    0.005428]   node   0: [mem 0x0000000063e9d000-0x0000000070560fff]
[    0.005428]   node   0: [mem 0x0000000075fff000-0x0000000075ffffff]
[    0.005428]   node   0: [mem 0x0000000100000000-0x000000047f7fffff]
[    0.005429] Initmem setup node 0 [mem 0x0000000000001000-0x000000047f7fffff]
[    0.005431] On node 0, zone DMA: 1 pages in unavailable ranges
[    0.005432] On node 0, zone DMA: 1 pages in unavailable ranges
[    0.005443] On node 0, zone DMA: 96 pages in unavailable ranges
[    0.006602] On node 0, zone DMA32: 1 pages in unavailable ranges
[    0.006838] On node 0, zone DMA32: 1 pages in unavailable ranges
[    0.006971] On node 0, zone DMA32: 23198 pages in unavailable ranges
[    0.021962] On node 0, zone Normal: 8192 pages in unavailable ranges
[    0.021972] On node 0, zone Normal: 2048 pages in unavailable ranges
[    0.022410] ACPI: PM-Timer IO Port: 0x1808
[    0.022416] ACPI: LAPIC_NMI (acpi_id[0x01] high edge lint[0x1])
[    0.022418] ACPI: LAPIC_NMI (acpi_id[0x02] high edge lint[0x1])
[    0.022418] ACPI: LAPIC_NMI (acpi_id[0x03] high edge lint[0x1])
[    0.022418] ACPI: LAPIC_NMI (acpi_id[0x04] high edge lint[0x1])
[    0.022419] ACPI: LAPIC_NMI (acpi_id[0x05] high edge lint[0x1])
[    0.022419] ACPI: LAPIC_NMI (acpi_id[0x06] high edge lint[0x1])
[    0.022419] ACPI: LAPIC_NMI (acpi_id[0x07] high edge lint[0x1])
[    0.022420] ACPI: LAPIC_NMI (acpi_id[0x08] high edge lint[0x1])
[    0.022420] ACPI: LAPIC_NMI (acpi_id[0x09] high edge lint[0x1])
[    0.022420] ACPI: LAPIC_NMI (acpi_id[0x0a] high edge lint[0x1])
[    0.022421] ACPI: LAPIC_NMI (acpi_id[0x0b] high edge lint[0x1])
[    0.022421] ACPI: LAPIC_NMI (acpi_id[0x0c] high edge lint[0x1])
[    0.022421] ACPI: LAPIC_NMI (acpi_id[0x0d] high edge lint[0x1])
[    0.022422] ACPI: LAPIC_NMI (acpi_id[0x0e] high edge lint[0x1])
[    0.022422] ACPI: LAPIC_NMI (acpi_id[0x0f] high edge lint[0x1])
[    0.022422] ACPI: LAPIC_NMI (acpi_id[0x10] high edge lint[0x1])
[    0.022423] ACPI: LAPIC_NMI (acpi_id[0x11] high edge lint[0x1])
[    0.022423] ACPI: LAPIC_NMI (acpi_id[0x12] high edge lint[0x1])
[    0.022423] ACPI: LAPIC_NMI (acpi_id[0x13] high edge lint[0x1])
[    0.022424] ACPI: LAPIC_NMI (acpi_id[0x14] high edge lint[0x1])
[    0.022424] ACPI: LAPIC_NMI (acpi_id[0x15] high edge lint[0x1])
[    0.022424] ACPI: LAPIC_NMI (acpi_id[0x16] high edge lint[0x1])
[    0.022425] ACPI: LAPIC_NMI (acpi_id[0x17] high edge lint[0x1])
[    0.022425] ACPI: LAPIC_NMI (acpi_id[0x00] high edge lint[0x1])
[    0.022463] IOAPIC[0]: apic_id 2, version 32, address 0xfec00000, GSI 0-119
[    0.022464] ACPI: INT_SRC_OVR (bus 0 bus_irq 0 global_irq 2 dfl dfl)
[    0.022465] ACPI: INT_SRC_OVR (bus 0 bus_irq 9 global_irq 9 high level)
[    0.022468] ACPI: Using ACPI (MADT) for SMP configuration information
[    0.022468] ACPI: HPET id: 0x8086a201 base: 0xfed00000
[    0.022473] e820: update [mem 0x6a7cf000-0x6a8c2fff] usable ==> reserved
[    0.022482] TSC deadline timer available
[    0.022482] smpboot: Allowing 32 CPUs, 0 hotplug CPUs
[    0.022492] PM: hibernation: Registered nosave memory: [mem 0x00000000-0x00000fff]
[    0.022493] PM: hibernation: Registered nosave memory: [mem 0x0009e000-0x0009efff]
[    0.022494] PM: hibernation: Registered nosave memory: [mem 0x000a0000-0x000fffff]
[    0.022495] PM: hibernation: Registered nosave memory: [mem 0x58b11000-0x58b11fff]
[    0.022496] PM: hibernation: Registered nosave memory: [mem 0x58b35000-0x58b35fff]
[    0.022496] PM: hibernation: Registered nosave memory: [mem 0x5d808000-0x5d808fff]
[    0.022497] PM: hibernation: Registered nosave memory: [mem 0x5d815000-0x5d815fff]
[    0.022498] PM: hibernation: Registered nosave memory: [mem 0x63e95000-0x63e95fff]
[    0.022498] PM: hibernation: Registered nosave memory: [mem 0x63e9c000-0x63e9cfff]
[    0.022499] PM: hibernation: Registered nosave memory: [mem 0x6a7cf000-0x6a8c2fff]
[    0.022500] PM: hibernation: Registered nosave memory: [mem 0x6dc78000-0x6dc78fff]
[    0.022500] PM: hibernation: Registered nosave memory: [mem 0x70561000-0x74260fff]
[    0.022501] PM: hibernation: Registered nosave memory: [mem 0x74261000-0x744b0fff]
[    0.022501] PM: hibernation: Registered nosave memory: [mem 0x744b1000-0x7471efff]
[    0.022501] PM: hibernation: Registered nosave memory: [mem 0x7471f000-0x75ffefff]
[    0.022502] PM: hibernation: Registered nosave memory: [mem 0x76000000-0x79ffffff]
[    0.022502] PM: hibernation: Registered nosave memory: [mem 0x7a000000-0x7a3fffff]
[    0.022503] PM: hibernation: Registered nosave memory: [mem 0x7a400000-0x7a7fffff]
[    0.022503] PM: hibernation: Registered nosave memory: [mem 0x7a800000-0x7affffff]
[    0.022503] PM: hibernation: Registered nosave memory: [mem 0x7b000000-0x807fffff]
[    0.022503] PM: hibernation: Registered nosave memory: [mem 0x80800000-0xfdffffff]
[    0.022504] PM: hibernation: Registered nosave memory: [mem 0xfe000000-0xfe010fff]
[    0.022504] PM: hibernation: Registered nosave memory: [mem 0xfe011000-0xfebfffff]
[    0.022504] PM: hibernation: Registered nosave memory: [mem 0xfec00000-0xfec00fff]
[    0.022505] PM: hibernation: Registered nosave memory: [mem 0xfec01000-0xfecfffff]
[    0.022505] PM: hibernation: Registered nosave memory: [mem 0xfed00000-0xfed00fff]
[    0.022505] PM: hibernation: Registered nosave memory: [mem 0xfed01000-0xfed1ffff]
[    0.022506] PM: hibernation: Registered nosave memory: [mem 0xfed20000-0xfed7ffff]
[    0.022506] PM: hibernation: Registered nosave memory: [mem 0xfed80000-0xfedfffff]
[    0.022506] PM: hibernation: Registered nosave memory: [mem 0xfee00000-0xfee00fff]
[    0.022506] PM: hibernation: Registered nosave memory: [mem 0xfee01000-0xffffffff]
[    0.022507] [mem 0x80800000-0xfdffffff] available for PCI devices
[    0.022508] Booting paravirtualized kernel on bare hardware
[    0.022510] clocksource: refined-jiffies: mask: 0xffffffff max_cycles: 0xffffffff, max_idle_ns: 7645519600211568 ns
[    0.022514] setup_percpu: NR_CPUS:8192 nr_cpumask_bits:32 nr_cpu_ids:32 nr_node_ids:1
[    0.023319] percpu: Embedded 63 pages/cpu s221184 r8192 d28672 u262144
[    0.023322] pcpu-alloc: s221184 r8192 d28672 u262144 alloc=1*2097152
[    0.023323] pcpu-alloc: [0] 00 01 02 03 04 05 06 07 [0] 08 09 10 11 12 13 14 15 
[    0.023327] pcpu-alloc: [0] 16 17 18 19 20 21 22 23 [0] 24 25 26 27 28 29 30 31 
[    0.023340] Kernel command line: BOOT_IMAGE=/boot/vmlinuz-6.5.0-25-generic root=UUID=0b19ec64-3891-45a8-a898-8facd1f11db5 ro quiet splash vt.handoff=7
[    0.023375] Unknown kernel command line parameters "splash BOOT_IMAGE=/boot/vmlinuz-6.5.0-25-generic", will be passed to user space.
[    0.024340] Dentry cache hash table entries: 2097152 (order: 12, 16777216 bytes, linear)
[    0.024850] Inode-cache hash table entries: 1048576 (order: 11, 8388608 bytes, linear)
[    0.025044] Fallback order for Node 0: 0 
[    0.025046] Built 1 zonelists, mobility grouping on.  Total pages: 4063338
[    0.025047] Policy zone: Normal
[    0.025050] mem auto-init: stack:all(zero), heap alloc:on, heap free:off
[    0.025056] software IO TLB: area num 32.
[    0.051769] Memory: 15921116K/16511992K available (20480K kernel code, 4266K rwdata, 13188K rodata, 4808K init, 17380K bss, 590616K reserved, 0K cma-reserved)
[    0.051936] SLUB: HWalign=64, Order=0-3, MinObjects=0, CPUs=32, Nodes=1
[    0.051957] ftrace: allocating 55231 entries in 216 pages
[    0.056486] ftrace: allocated 216 pages with 4 groups
[    0.056880] Dynamic Preempt: voluntary
[    0.056911] rcu: Preemptible hierarchical RCU implementation.
[    0.056911] rcu: 	RCU restricting CPUs from NR_CPUS=8192 to nr_cpu_ids=32.
[    0.056912] 	Trampoline variant of Tasks RCU enabled.
[    0.056912] 	Rude variant of Tasks RCU enabled.
[    0.056912] 	Tracing variant of Tasks RCU enabled.
[    0.056913] rcu: RCU calculated value of scheduler-enlistment delay is 25 jiffies.
[    0.056913] rcu: Adjusting geometry for rcu_fanout_leaf=16, nr_cpu_ids=32
[    0.058103] NR_IRQS: 524544, nr_irqs: 2312, preallocated irqs: 16
[    0.058387] rcu: srcu_init: Setting srcu_struct sizes based on contention.
[    0.058556] Console: colour dummy device 80x25
[    0.058558] printk: console [tty0] enabled
[    0.058587] ACPI: Core revision 20230331
[    0.058846] hpet: HPET dysfunctional in PC10. Force disabled.
[    0.058847] APIC: Switch to symmetric I/O mode setup
[    0.058848] DMAR: Host address width 39
[    0.058849] DMAR: DRHD base: 0x000000fed91000 flags: 0x1
[    0.058853] DMAR: dmar0: reg_base_addr fed91000 ver 5:0 cap d2008c40660462 ecap f050da
[    0.058855] DMAR-IR: IOAPIC id 2 under DRHD base  0xfed91000 IOMMU 0
[    0.058856] DMAR-IR: HPET id 0 under DRHD base 0xfed91000
[    0.058856] DMAR-IR: Queued invalidation will be enabled to support x2apic and Intr-remapping.
[    0.060251] DMAR-IR: Enabled IRQ remapping in x2apic mode
[    0.060253] x2apic enabled
[    0.060272] Switched APIC routing to cluster x2apic.
[    0.064704] clocksource: tsc-early: mask: 0xffffffffffffffff max_cycles: 0x2b2c8ec87c7, max_idle_ns: 440795278598 ns
[    0.064708] Calibrating delay loop (skipped), value calculated using timer frequency.. 5990.40 BogoMIPS (lpj=11980800)
[    0.064746] x86/tme: not enabled by BIOS
[    0.064751] CPU0: Thermal monitoring enabled (TM1)
[    0.064752] x86/cpu: User Mode Instruction Prevention (UMIP) activated
[    0.064856] process: using mwait in idle threads
[    0.064858] Last level iTLB entries: 4KB 0, 2MB 0, 4MB 0
[    0.064858] Last level dTLB entries: 4KB 0, 2MB 0, 4MB 0, 1GB 0
[    0.064860] Spectre V1 : Mitigation: usercopy/swapgs barriers and __user pointer sanitization
[    0.064861] Spectre V2 : Mitigation: Enhanced / Automatic IBRS
[    0.064862] Spectre V2 : Spectre v2 / SpectreRSB mitigation: Filling RSB on context switch
[    0.064862] Spectre V2 : Spectre v2 / PBRSB-eIBRS: Retire a single CALL on VMEXIT
[    0.064863] Spectre V2 : mitigation: Enabling conditional Indirect Branch Prediction Barrier
[    0.064864] Speculative Store Bypass: Mitigation: Speculative Store Bypass disabled via prctl
[    0.064869] x86/fpu: Supporting XSAVE feature 0x001: 'x87 floating point registers'
[    0.064870] x86/fpu: Supporting XSAVE feature 0x002: 'SSE registers'
[    0.064870] x86/fpu: Supporting XSAVE feature 0x004: 'AVX registers'
[    0.064871] x86/fpu: Supporting XSAVE feature 0x200: 'Protection Keys User registers'
[    0.064871] x86/fpu: xstate_offset[2]:  576, xstate_sizes[2]:  256
[    0.064872] x86/fpu: xstate_offset[9]:  832, xstate_sizes[9]:    8
[    0.064872] x86/fpu: Enabled xstate features 0x207, context size is 840 bytes, using 'compacted' format.
[    0.068706] Freeing SMP alternatives memory: 44K
[    0.068706] pid_max: default: 32768 minimum: 301
[    0.068706] LSM: initializing lsm=lockdown,capability,landlock,yama,apparmor,integrity
[    0.068706] landlock: Up and running.
[    0.068706] Yama: becoming mindful.
[    0.068706] AppArmor: AppArmor initialized
[    0.068706] Mount-cache hash table entries: 32768 (order: 6, 262144 bytes, linear)
[    0.068706] Mountpoint-cache hash table entries: 32768 (order: 6, 262144 bytes, linear)
[    0.068706] smpboot: CPU0: 13th Gen Intel(R) Core(TM) i9-13900K (family: 0x6, model: 0xb7, stepping: 0x1)
[    0.068706] RCU Tasks: Setting shift to 5 and lim to 1 rcu_task_cb_adjust=1.
[    0.068706] RCU Tasks Rude: Setting shift to 5 and lim to 1 rcu_task_cb_adjust=1.
[    0.068706] RCU Tasks Trace: Setting shift to 5 and lim to 1 rcu_task_cb_adjust=1.
[    0.068706] Performance Events: XSAVE Architectural LBR, PEBS fmt4+-baseline,  AnyThread deprecated, Alderlake Hybrid events, 32-deep LBR, full-width counters, Intel PMU driver.
[    0.068706] core: cpu_core PMU driver: 
[    0.068706] ... version:                5
[    0.068706] ... bit width:              48
[    0.068706] ... generic registers:      8
[    0.068706] ... value mask:             0000ffffffffffff
[    0.068706] ... max period:             00007fffffffffff
[    0.068706] ... fixed-purpose events:   4
[    0.068706] ... event mask:             0001000f000000ff
[    0.068706] signal: max sigframe size: 3632
[    0.068706] Estimated ratio of average max frequency by base frequency (times 1024): 1877
[    0.068706] rcu: Hierarchical SRCU implementation.
[    0.068706] rcu: 	Max phase no-delay instances is 1000.
[    0.068706] NMI watchdog: Enabled. Permanently consumes one hw-PMU counter.
[    0.068706] smp: Bringing up secondary CPUs ...
[    0.068706] smpboot: x86: Booting SMP configuration:
[    0.068706] .... node  #0, CPUs:        #2  #4  #6  #8 #10 #12 #14 #16 #17 #18 #19 #20 #21 #22 #23 #24 #25 #26 #27 #28 #29 #30 #31
[    0.010180] core: cpu_atom PMU driver: PEBS-via-PT 
[    0.010180] ... version:                5
[    0.010180] ... bit width:              48
[    0.010180] ... generic registers:      6
[    0.010180] ... value mask:             0000ffffffffffff
[    0.010180] ... max period:             00007fffffffffff
[    0.010180] ... fixed-purpose events:   3
[    0.010180] ... event mask:             000000070000003f
[    0.084759]   #1  #3  #5  #7  #9 #11 #13 #15
[    0.090479] smp: Brought up 1 node, 32 CPUs
[    0.090479] smpboot: Max logical packages: 1
[    0.090479] smpboot: Total of 32 processors activated (191692.80 BogoMIPS)
[    0.093057] devtmpfs: initialized
[    0.093057] x86/mm: Memory block size: 128MB
[    0.093218] ACPI: PM: Registering ACPI NVS region [mem 0x744b1000-0x7471efff] (2547712 bytes)
[    0.093218] clocksource: jiffies: mask: 0xffffffff max_cycles: 0xffffffff, max_idle_ns: 7645041785100000 ns
[    0.093218] futex hash table entries: 8192 (order: 7, 524288 bytes, linear)
[    0.093218] pinctrl core: initialized pinctrl subsystem
[    0.093218] PM: RTC time: 19:36:47, date: 2024-03-12
[    0.093218] NET: Registered PF_NETLINK/PF_ROUTE protocol family
[    0.093341] DMA: preallocated 2048 KiB GFP_KERNEL pool for atomic allocations
[    0.093441] DMA: preallocated 2048 KiB GFP_KERNEL|GFP_DMA pool for atomic allocations
[    0.093540] DMA: preallocated 2048 KiB GFP_KERNEL|GFP_DMA32 pool for atomic allocations
[    0.093543] audit: initializing netlink subsys (disabled)
[    0.093551] audit: type=2000 audit(1710272207.028:1): state=initialized audit_enabled=0 res=1
[    0.093551] thermal_sys: Registered thermal governor 'fair_share'
[    0.093551] thermal_sys: Registered thermal governor 'bang_bang'
[    0.093551] thermal_sys: Registered thermal governor 'step_wise'
[    0.093551] thermal_sys: Registered thermal governor 'user_space'
[    0.093551] thermal_sys: Registered thermal governor 'power_allocator'
[    0.093551] EISA bus registered
[    0.093551] cpuidle: using governor ladder
[    0.093551] cpuidle: using governor menu
[    0.093551] ACPI FADT declares the system doesn't support PCIe ASPM, so disable it
[    0.093551] acpiphp: ACPI Hot Plug PCI Controller Driver version: 0.5
[    0.093551] PCI: MMCONFIG for domain 0000 [bus 00-ff] at [mem 0xc0000000-0xcfffffff] (base 0xc0000000)
[    0.093551] PCI: not using MMCONFIG
[    0.093551] PCI: Using configuration type 1 for base access
[    0.093551] ENERGY_PERF_BIAS: Set to 'normal', was 'performance'
[    0.093551] kprobes: kprobe jump-optimization is enabled. All kprobes are optimized if possible.
[    0.093551] HugeTLB: registered 1.00 GiB page size, pre-allocated 0 pages
[    0.093551] HugeTLB: 16380 KiB vmemmap can be freed for a 1.00 GiB page
[    0.093551] HugeTLB: registered 2.00 MiB page size, pre-allocated 0 pages
[    0.093551] HugeTLB: 28 KiB vmemmap can be freed for a 2.00 MiB page
[    0.093551] ACPI: Added _OSI(Module Device)
[    0.093551] ACPI: Added _OSI(Processor Device)
[    0.093551] ACPI: Added _OSI(3.0 _SCP Extensions)
[    0.093551] ACPI: Added _OSI(Processor Aggregator Device)
[    0.143449] ACPI: 13 ACPI AML tables successfully acquired and loaded
[    0.152707] ACPI: Dynamic OEM Table Load:
[    0.152707] ACPI: SSDT 0xFFFF89DE43796C00 0001AB (v02 PmRef  Cpu0Psd  00003000 INTL 20200717)
[    0.152707] ACPI: \_SB_.PR00: _OSC native thermal LVT Acked
[    0.152707] ACPI: Dynamic OEM Table Load:
[    0.152707] ACPI: SSDT 0xFFFF89DE41528000 000394 (v02 PmRef  Cpu0Cst  00003001 INTL 20200717)
[    0.152723] ACPI: Dynamic OEM Table Load:
[    0.152726] ACPI: SSDT 0xFFFF89DE43C09000 000605 (v02 PmRef  Cpu0Ist  00003000 INTL 20200717)
[    0.153417] ACPI: Dynamic OEM Table Load:
[    0.153420] ACPI: SSDT 0xFFFF89DE43C0B000 0004BA (v02 PmRef  Cpu0Hwp  00003000 INTL 20200717)
[    0.154243] ACPI: Dynamic OEM Table Load:
[    0.154247] ACPI: SSDT 0xFFFF89DE41518000 001BAF (v02 PmRef  ApIst    00003000 INTL 20200717)
[    0.155274] ACPI: Dynamic OEM Table Load:
[    0.155277] ACPI: SSDT 0xFFFF89DE43C12000 001038 (v02 PmRef  ApHwp    00003000 INTL 20200717)
[    0.156168] ACPI: Dynamic OEM Table Load:
[    0.156172] ACPI: SSDT 0xFFFF89DE43C16000 001349 (v02 PmRef  ApPsd    00003000 INTL 20200717)
[    0.157081] ACPI: Dynamic OEM Table Load:
[    0.157084] ACPI: SSDT 0xFFFF89DE41524000 000FBB (v02 PmRef  ApCst    00003000 INTL 20200717)
[    0.165629] ACPI: Interpreter enabled
[    0.165659] ACPI: PM: (supports S0 S3 S4 S5)
[    0.165660] ACPI: Using IOAPIC for interrupt routing
[    0.166552] PCI: MMCONFIG for domain 0000 [bus 00-ff] at [mem 0xc0000000-0xcfffffff] (base 0xc0000000)
[    0.167526] PCI: MMCONFIG at [mem 0xc0000000-0xcfffffff] reserved as ACPI motherboard resource
[    0.167531] PCI: Using host bridge windows from ACPI; if necessary, use "pci=nocrs" and report a bug
[    0.167532] PCI: Using E820 reservations for host bridge windows
[    0.168280] ACPI: Enabled 6 GPEs in block 00 to 7F
[    0.170112] ACPI: \_SB_.PC00.LPCB.UAR1.DRP1: New power resource
[    0.179882] ACPI: \_SB_.PC00.XHCI.RHUB.HS14.BTRT: New power resource
[    0.183802] ACPI: \_SB_.PC00.CNVW.WRST: New power resource
[    0.188823] ACPI: \_TZ_.FN00: New power resource
[    0.188852] ACPI: \_TZ_.FN01: New power resource
[    0.188879] ACPI: \_TZ_.FN02: New power resource
[    0.188907] ACPI: \_TZ_.FN03: New power resource
[    0.188933] ACPI: \_TZ_.FN04: New power resource
[    0.189283] ACPI: \PIN_: New power resource
[    0.189502] ACPI: PCI Root Bridge [PC00] (domain 0000 [bus 00-e0])
[    0.189505] acpi PNP0A08:00: _OSC: OS supports [ExtendedConfig ASPM ClockPM Segments MSI EDR HPX-Type3]
[    0.192056] acpi PNP0A08:00: _OSC: OS now controls [PCIeHotplug SHPCHotplug PME AER PCIeCapability LTR DPC]
[    0.192057] acpi PNP0A08:00: FADT indicates ASPM is unsupported, using BIOS configuration
[    0.197240] PCI host bridge to bus 0000:00
[    0.197241] pci_bus 0000:00: root bus resource [io  0x0000-0x0cf7 window]
[    0.197242] pci_bus 0000:00: root bus resource [io  0x0d00-0xffff window]
[    0.197243] pci_bus 0000:00: root bus resource [mem 0x000a0000-0x000bffff window]
[    0.197244] pci_bus 0000:00: root bus resource [mem 0x000e0000-0x000effff window]
[    0.197244] pci_bus 0000:00: root bus resource [mem 0x80800000-0xbfffffff window]
[    0.197245] pci_bus 0000:00: root bus resource [mem 0x4000000000-0x7fffffffff window]
[    0.197245] pci_bus 0000:00: root bus resource [bus 00-e0]
[    0.197270] pci 0000:00:00.0: [8086:a700] type 00 class 0x060000
[    0.197344] pci 0000:00:01.0: [8086:a70d] type 01 class 0x060400
[    0.197385] pci 0000:00:01.0: PME# supported from D0 D3hot D3cold
[    0.197397] pci 0000:00:01.0: PTM enabled (root), 4ns granularity
[    0.197763] pci 0000:00:06.0: [8086:a74d] type 01 class 0x060400
[    0.197803] pci 0000:00:06.0: PME# supported from D0 D3hot D3cold
[    0.197817] pci 0000:00:06.0: PTM enabled (root), 4ns granularity
[    0.198169] pci 0000:00:0a.0: [8086:a77d] type 00 class 0x118000
[    0.198174] pci 0000:00:0a.0: reg 0x10: [mem 0x4804210000-0x4804217fff 64bit]
[    0.198189] pci 0000:00:0a.0: enabling Extended Tags
[    0.198275] pci 0000:00:0e.0: [8086:a77f] type 00 class 0x010400
[    0.198287] pci 0000:00:0e.0: reg 0x10: [mem 0x4802000000-0x4803ffffff 64bit]
[    0.198292] pci 0000:00:0e.0: reg 0x18: [mem 0x82000000-0x83ffffff]
[    0.198305] pci 0000:00:0e.0: reg 0x20: [mem 0x4804100000-0x48041fffff 64bit]
[    0.198482] pci 0000:00:14.0: [8086:7ae0] type 00 class 0x0c0330
[    0.198498] pci 0000:00:14.0: reg 0x10: [mem 0x4804200000-0x480420ffff 64bit]
[    0.198564] pci 0000:00:14.0: PME# supported from D3hot D3cold
[    0.198721] pci 0000:00:14.2: [8086:7aa7] type 00 class 0x050000
[    0.198738] pci 0000:00:14.2: reg 0x10: [mem 0x4804220000-0x4804223fff 64bit]
[    0.198750] pci 0000:00:14.2: reg 0x18: [mem 0x4804229000-0x4804229fff 64bit]
[    0.198868] pci 0000:00:14.3: [8086:7af0] type 00 class 0x028000
[    0.198887] pci 0000:00:14.3: reg 0x10: [mem 0x480421c000-0x480421ffff 64bit]
[    0.199004] pci 0000:00:14.3: PME# supported from D0 D3hot D3cold
[    0.199258] pci 0000:00:15.0: [8086:7acc] type 00 class 0x0c8000
[    0.199290] pci 0000:00:15.0: reg 0x10: [mem 0x00000000-0x00000fff 64bit]
[    0.199596] pci 0000:00:15.1: [8086:7acd] type 00 class 0x0c8000
[    0.199623] pci 0000:00:15.1: reg 0x10: [mem 0x00000000-0x00000fff 64bit]
[    0.199918] pci 0000:00:15.2: [8086:7ace] type 00 class 0x0c8000
[    0.199944] pci 0000:00:15.2: reg 0x10: [mem 0x00000000-0x00000fff 64bit]
[    0.200178] pci 0000:00:16.0: [8086:7ae8] type 00 class 0x078000
[    0.200198] pci 0000:00:16.0: reg 0x10: [mem 0x4804225000-0x4804225fff 64bit]
[    0.200271] pci 0000:00:16.0: PME# supported from D3hot
[    0.200586] pci 0000:00:17.0: [8086:7ae2] type 00 class 0x010601
[    0.200601] pci 0000:00:17.0: reg 0x10: [mem 0x87100000-0x87101fff]
[    0.200610] pci 0000:00:17.0: reg 0x14: [mem 0x87103000-0x871030ff]
[    0.200617] pci 0000:00:17.0: reg 0x18: [io  0x8050-0x8057]
[    0.200626] pci 0000:00:17.0: reg 0x1c: [io  0x8040-0x8043]
[    0.200633] pci 0000:00:17.0: reg 0x20: [io  0x8020-0x803f]
[    0.200640] pci 0000:00:17.0: reg 0x24: [mem 0x87102000-0x871027ff]
[    0.200677] pci 0000:00:17.0: PME# supported from D3hot
[    0.200864] pci 0000:00:1a.0: [8086:7ac8] type 01 class 0x060400
[    0.200963] pci 0000:00:1a.0: PME# supported from D0 D3hot D3cold
[    0.201351] pci 0000:00:1b.0: [8086:7ac0] type 01 class 0x060400
[    0.201431] pci 0000:00:1b.0: PME# supported from D0 D3hot D3cold
[    0.201800] pci 0000:00:1c.0: [8086:7ab8] type 01 class 0x060400
[    0.201876] pci 0000:00:1c.0: PME# supported from D0 D3hot D3cold
[    0.202223] pci 0000:00:1c.2: [8086:7aba] type 01 class 0x060400
[    0.202315] pci 0000:00:1c.2: PME# supported from D0 D3hot D3cold
[    0.202347] pci 0000:00:1c.2: PTM enabled (root), 4ns granularity
[    0.202732] pci 0000:00:1d.0: [8086:7ab0] type 01 class 0x060400
[    0.202838] pci 0000:00:1d.0: PME# supported from D0 D3hot D3cold
[    0.203207] pci 0000:00:1f.0: [8086:7a84] type 00 class 0x060100
[    0.203448] pci 0000:00:1f.3: [8086:7ad0] type 00 class 0x040300
[    0.203488] pci 0000:00:1f.3: reg 0x10: [mem 0x4804218000-0x480421bfff 64bit]
[    0.203540] pci 0000:00:1f.3: reg 0x20: [mem 0x4804000000-0x48040fffff 64bit]
[    0.203640] pci 0000:00:1f.3: PME# supported from D3hot D3cold
[    0.203963] pci 0000:00:1f.4: [8086:7aa3] type 00 class 0x0c0500
[    0.203986] pci 0000:00:1f.4: reg 0x10: [mem 0x4804224000-0x48042240ff 64bit]
[    0.204013] pci 0000:00:1f.4: reg 0x20: [io  0xefa0-0xefbf]
[    0.204167] pci 0000:00:1f.5: [8086:7aa4] type 00 class 0x0c8000
[    0.204184] pci 0000:00:1f.5: reg 0x10: [mem 0xfe010000-0xfe010fff]
[    0.204287] pci 0000:01:00.0: [10de:2684] type 00 class 0x030000
[    0.204294] pci 0000:01:00.0: reg 0x10: [mem 0x84000000-0x84ffffff]
[    0.204300] pci 0000:01:00.0: reg 0x14: [mem 0x4000000000-0x47ffffffff 64bit pref]
[    0.204305] pci 0000:01:00.0: reg 0x1c: [mem 0x4800000000-0x4801ffffff 64bit pref]
[    0.204309] pci 0000:01:00.0: reg 0x24: [io  0x7000-0x707f]
[    0.204313] pci 0000:01:00.0: reg 0x30: [mem 0x85000000-0x8507ffff pref]
[    0.204322] pci 0000:01:00.0: BAR 1: assigned to efifb
[    0.204348] pci 0000:01:00.0: PME# supported from D0 D3hot
[    0.204526] pci 0000:01:00.1: [10de:22ba] type 00 class 0x040300
[    0.204532] pci 0000:01:00.1: reg 0x10: [mem 0x85080000-0x85083fff]
[    0.204603] pci 0000:00:01.0: PCI bridge to [bus 01]
[    0.204604] pci 0000:00:01.0:   bridge window [io  0x7000-0x7fff]
[    0.204605] pci 0000:00:01.0:   bridge window [mem 0x84000000-0x850fffff]
[    0.204607] pci 0000:00:01.0:   bridge window [mem 0x4000000000-0x4801ffffff 64bit pref]
[    0.204631] pci 0000:02:00.0: [2646:5017] type 00 class 0x010802
[    0.204640] pci 0000:02:00.0: reg 0x10: [mem 0x87000000-0x87003fff 64bit]
[    0.204768] pci 0000:00:06.0: PCI bridge to [bus 02]
[    0.204770] pci 0000:00:06.0:   bridge window [mem 0x87000000-0x870fffff]
[    0.204815] pci 0000:00:1a.0: PCI bridge to [bus 03]
[    0.204822] pci 0000:00:1a.0:   bridge window [io  0x6000-0x6fff]
[    0.204829] pci 0000:00:1a.0:   bridge window [mem 0x86500000-0x86efffff]
[    0.204874] pci 0000:00:1b.0: PCI bridge to [bus 04]
[    0.204910] pci 0000:00:1c.0: PCI bridge to [bus 05]
[    0.204912] pci 0000:00:1c.0:   bridge window [io  0x5000-0x5fff]
[    0.204914] pci 0000:00:1c.0:   bridge window [mem 0x85b00000-0x864fffff]
[    0.204969] pci 0000:06:00.0: [10ec:8125] type 00 class 0x020000
[    0.204987] pci 0000:06:00.0: reg 0x10: [io  0x4000-0x40ff]
[    0.205009] pci 0000:06:00.0: reg 0x18: [mem 0x86f00000-0x86f0ffff 64bit]
[    0.205024] pci 0000:06:00.0: reg 0x20: [mem 0x86f10000-0x86f13fff 64bit]
[    0.205146] pci 0000:06:00.0: supports D1 D2
[    0.205146] pci 0000:06:00.0: PME# supported from D0 D1 D2 D3hot D3cold
[    0.205369] pci 0000:00:1c.2: PCI bridge to [bus 06]
[    0.205372] pci 0000:00:1c.2:   bridge window [io  0x4000-0x4fff]
[    0.205374] pci 0000:00:1c.2:   bridge window [mem 0x86f00000-0x86ffffff]
[    0.205414] pci 0000:00:1d.0: PCI bridge to [bus 07]
[    0.205421] pci 0000:00:1d.0:   bridge window [io  0x3000-0x3fff]
[    0.205428] pci 0000:00:1d.0:   bridge window [mem 0x85100000-0x85afffff]
[    0.206442] ACPI: PCI: Interrupt link LNKA configured for IRQ 0
[    0.206500] ACPI: PCI: Interrupt link LNKB configured for IRQ 1
[    0.206558] ACPI: PCI: Interrupt link LNKC configured for IRQ 0
[    0.206615] ACPI: PCI: Interrupt link LNKD configured for IRQ 0
[    0.206672] ACPI: PCI: Interrupt link LNKE configured for IRQ 0
[    0.206730] ACPI: PCI: Interrupt link LNKF configured for IRQ 0
[    0.206787] ACPI: PCI: Interrupt link LNKG configured for IRQ 0
[    0.206844] ACPI: PCI: Interrupt link LNKH configured for IRQ 0
[    0.211411] iommu: Default domain type: Translated
[    0.211411] iommu: DMA domain TLB invalidation policy: lazy mode
[    0.211411] SCSI subsystem initialized
[    0.211411] libata version 3.00 loaded.
[    0.211411] ACPI: bus type USB registered
[    0.211411] usbcore: registered new interface driver usbfs
[    0.211411] usbcore: registered new interface driver hub
[    0.211411] usbcore: registered new device driver usb
[    0.211411] pps_core: LinuxPPS API ver. 1 registered
[    0.211411] pps_core: Software ver. 5.3.6 - Copyright 2005-2007 Rodolfo Giometti <giometti@linux.it>
[    0.211411] PTP clock support registered
[    0.211411] EDAC MC: Ver: 3.0.0
[    0.211411] efivars: Registered efivars operations
[    0.211411] NetLabel: Initializing
[    0.211411] NetLabel:  domain hash size = 128
[    0.211411] NetLabel:  protocols = UNLABELED CIPSOv4 CALIPSO
[    0.211411] NetLabel:  unlabeled traffic allowed by default
[    0.211411] mctp: management component transport protocol core
[    0.211411] NET: Registered PF_MCTP protocol family
[    0.211411] PCI: Using ACPI for IRQ routing
[    0.231412] PCI: pci_cache_line_size set to 64 bytes
[    0.231569] pci 0000:00:1f.5: can't claim BAR 0 [mem 0xfe010000-0xfe010fff]: no compatible bridge window
[    0.231666] e820: reserve RAM buffer [mem 0x0009e000-0x0009ffff]
[    0.231667] e820: reserve RAM buffer [mem 0x58b11018-0x5bffffff]
[    0.231668] e820: reserve RAM buffer [mem 0x5d808018-0x5fffffff]
[    0.231669] e820: reserve RAM buffer [mem 0x63e95000-0x63ffffff]
[    0.231669] e820: reserve RAM buffer [mem 0x63e9c000-0x63ffffff]
[    0.231670] e820: reserve RAM buffer [mem 0x6a7cf000-0x6bffffff]
[    0.231670] e820: reserve RAM buffer [mem 0x6dc78000-0x6fffffff]
[    0.231671] e820: reserve RAM buffer [mem 0x70561000-0x73ffffff]
[    0.231671] e820: reserve RAM buffer [mem 0x76000000-0x77ffffff]
[    0.231672] e820: reserve RAM buffer [mem 0x47f800000-0x47fffffff]
[    0.231695] pci 0000:01:00.0: vgaarb: setting as boot VGA device
[    0.231695] pci 0000:01:00.0: vgaarb: bridge control possible
[    0.231696] pci 0000:01:00.0: vgaarb: VGA device added: decodes=io+mem,owns=none,locks=none
[    0.231697] vgaarb: loaded
[    0.231698] clocksource: Switched to clocksource tsc-early
[    0.233043] VFS: Disk quotas dquot_6.6.0
[    0.233051] VFS: Dquot-cache hash table entries: 512 (order 0, 4096 bytes)
[    0.233120] AppArmor: AppArmor Filesystem Enabled
[    0.233136] pnp: PnP ACPI init
[    0.233260] system 00:00: [io  0x0290-0x029f] has been reserved
[    0.233605] pnp 00:01: [dma 0 disabled]
[    0.233715] system 00:02: [io  0x0680-0x069f] has been reserved
[    0.233716] system 00:02: [io  0x164e-0x164f] has been reserved
[    0.233778] system 00:03: [io  0x1854-0x1857] has been reserved
[    0.234282] system 00:04: [mem 0xfedc0000-0xfedc7fff] has been reserved
[    0.234282] system 00:04: [mem 0xfeda0000-0xfeda0fff] has been reserved
[    0.234283] system 00:04: [mem 0xfeda1000-0xfeda1fff] has been reserved
[    0.234284] system 00:04: [mem 0xc0000000-0xcfffffff] has been reserved
[    0.234284] system 00:04: [mem 0xfed20000-0xfed7ffff] could not be reserved
[    0.234285] system 00:04: [mem 0xfed90000-0xfed93fff] could not be reserved
[    0.234286] system 00:04: [mem 0xfed45000-0xfed8ffff] could not be reserved
[    0.234286] system 00:04: [mem 0xfee00000-0xfeefffff] could not be reserved
[    0.234754] system 00:05: [io  0x2000-0x20fe] has been reserved
[    0.235208] pnp: PnP ACPI: found 7 devices
[    0.240142] clocksource: acpi_pm: mask: 0xffffff max_cycles: 0xffffff, max_idle_ns: 2085701024 ns
[    0.240180] NET: Registered PF_INET protocol family
[    0.240326] IP idents hash table entries: 262144 (order: 9, 2097152 bytes, linear)
[    0.241575] tcp_listen_portaddr_hash hash table entries: 8192 (order: 5, 131072 bytes, linear)
[    0.241598] Table-perturb hash table entries: 65536 (order: 6, 262144 bytes, linear)
[    0.241666] TCP established hash table entries: 131072 (order: 8, 1048576 bytes, linear)
[    0.241837] TCP bind hash table entries: 65536 (order: 9, 2097152 bytes, linear)
[    0.241902] TCP: Hash tables configured (established 131072 bind 65536)
[    0.241976] MPTCP token hash table entries: 16384 (order: 6, 393216 bytes, linear)
[    0.242004] UDP hash table entries: 8192 (order: 6, 262144 bytes, linear)
[    0.242030] UDP-Lite hash table entries: 8192 (order: 6, 262144 bytes, linear)
[    0.242061] NET: Registered PF_UNIX/PF_LOCAL protocol family
[    0.242064] NET: Registered PF_XDP protocol family
[    0.242069] pci 0000:00:1a.0: bridge window [mem 0x00100000-0x000fffff 64bit pref] to [bus 03] add_size 200000 add_align 100000
[    0.242070] pci 0000:00:1c.0: bridge window [mem 0x00100000-0x000fffff 64bit pref] to [bus 05] add_size 200000 add_align 100000
[    0.242072] pci 0000:00:1d.0: bridge window [mem 0x00100000-0x000fffff 64bit pref] to [bus 07] add_size 200000 add_align 100000
[    0.242075] pci 0000:00:1a.0: BAR 15: assigned [mem 0x4804300000-0x48044fffff 64bit pref]
[    0.242077] pci 0000:00:1c.0: BAR 15: assigned [mem 0x4804500000-0x48046fffff 64bit pref]
[    0.242078] pci 0000:00:1d.0: BAR 15: assigned [mem 0x4804700000-0x48048fffff 64bit pref]
[    0.242079] pci 0000:00:15.0: BAR 0: assigned [mem 0x4804226000-0x4804226fff 64bit]
[    0.242138] pci 0000:00:15.1: BAR 0: assigned [mem 0x4804227000-0x4804227fff 64bit]
[    0.242156] pci 0000:00:15.2: BAR 0: assigned [mem 0x4804228000-0x4804228fff 64bit]
[    0.242258] resource: avoiding allocation from e820 entry [mem 0x000a0000-0x000fffff]
[    0.242259] resource: avoiding allocation from e820 entry [mem 0x000a0000-0x000fffff]
[    0.242259] pci 0000:00:1f.5: BAR 0: assigned [mem 0x80800000-0x80800fff]
[    0.242269] pci 0000:00:01.0: PCI bridge to [bus 01]
[    0.242270] pci 0000:00:01.0:   bridge window [io  0x7000-0x7fff]
[    0.242271] pci 0000:00:01.0:   bridge window [mem 0x84000000-0x850fffff]
[    0.242273] pci 0000:00:01.0:   bridge window [mem 0x4000000000-0x4801ffffff 64bit pref]
[    0.242275] pci 0000:00:06.0: PCI bridge to [bus 02]
[    0.242276] pci 0000:00:06.0:   bridge window [mem 0x87000000-0x870fffff]
[    0.242279] pci 0000:00:1a.0: PCI bridge to [bus 03]
[    0.242289] pci 0000:00:1a.0:   bridge window [io  0x6000-0x6fff]
[    0.242292] pci 0000:00:1a.0:   bridge window [mem 0x86500000-0x86efffff]
[    0.242303] pci 0000:00:1a.0:   bridge window [mem 0x4804300000-0x48044fffff 64bit pref]
[    0.242312] pci 0000:00:1b.0: PCI bridge to [bus 04]
[    0.242325] pci 0000:00:1c.0: PCI bridge to [bus 05]
[    0.242326] pci 0000:00:1c.0:   bridge window [io  0x5000-0x5fff]
[    0.242329] pci 0000:00:1c.0:   bridge window [mem 0x85b00000-0x864fffff]
[    0.242331] pci 0000:00:1c.0:   bridge window [mem 0x4804500000-0x48046fffff 64bit pref]
[    0.242335] pci 0000:00:1c.2: PCI bridge to [bus 06]
[    0.242337] pci 0000:00:1c.2:   bridge window [io  0x4000-0x4fff]
[    0.242340] pci 0000:00:1c.2:   bridge window [mem 0x86f00000-0x86ffffff]
[    0.242345] pci 0000:00:1d.0: PCI bridge to [bus 07]
[    0.242349] pci 0000:00:1d.0:   bridge window [io  0x3000-0x3fff]
[    0.242353] pci 0000:00:1d.0:   bridge window [mem 0x85100000-0x85afffff]
[    0.242360] pci 0000:00:1d.0:   bridge window [mem 0x4804700000-0x48048fffff 64bit pref]
[    0.242369] pci_bus 0000:00: resource 4 [io  0x0000-0x0cf7 window]
[    0.242370] pci_bus 0000:00: resource 5 [io  0x0d00-0xffff window]
[    0.242370] pci_bus 0000:00: resource 6 [mem 0x000a0000-0x000bffff window]
[    0.242371] pci_bus 0000:00: resource 7 [mem 0x000e0000-0x000effff window]
[    0.242371] pci_bus 0000:00: resource 8 [mem 0x80800000-0xbfffffff window]
[    0.242372] pci_bus 0000:00: resource 9 [mem 0x4000000000-0x7fffffffff window]
[    0.242372] pci_bus 0000:01: resource 0 [io  0x7000-0x7fff]
[    0.242373] pci_bus 0000:01: resource 1 [mem 0x84000000-0x850fffff]
[    0.242373] pci_bus 0000:01: resource 2 [mem 0x4000000000-0x4801ffffff 64bit pref]
[    0.242374] pci_bus 0000:02: resource 1 [mem 0x87000000-0x870fffff]
[    0.242374] pci_bus 0000:03: resource 0 [io  0x6000-0x6fff]
[    0.242375] pci_bus 0000:03: resource 1 [mem 0x86500000-0x86efffff]
[    0.242375] pci_bus 0000:03: resource 2 [mem 0x4804300000-0x48044fffff 64bit pref]
[    0.242376] pci_bus 0000:05: resource 0 [io  0x5000-0x5fff]
[    0.242376] pci_bus 0000:05: resource 1 [mem 0x85b00000-0x864fffff]
[    0.242377] pci_bus 0000:05: resource 2 [mem 0x4804500000-0x48046fffff 64bit pref]
[    0.242377] pci_bus 0000:06: resource 0 [io  0x4000-0x4fff]
[    0.242378] pci_bus 0000:06: resource 1 [mem 0x86f00000-0x86ffffff]
[    0.242378] pci_bus 0000:07: resource 0 [io  0x3000-0x3fff]
[    0.242379] pci_bus 0000:07: resource 1 [mem 0x85100000-0x85afffff]
[    0.242379] pci_bus 0000:07: resource 2 [mem 0x4804700000-0x48048fffff 64bit pref]
[    0.242726] pci 0000:01:00.1: extending delay after power-on from D3hot to 20 msec
[    0.242736] pci 0000:01:00.1: D0 power state depends on 0000:01:00.0
[    0.242749] PCI: CLS 64 bytes, default 64
[    0.242774] PCI-DMA: Using software bounce buffering for IO (SWIOTLB)
[    0.242774] software IO TLB: mapped [mem 0x00000000667cf000-0x000000006a7cf000] (64MB)
[    0.242790] Trying to unpack rootfs image as initramfs...
[    0.250263] clocksource: tsc: mask: 0xffffffffffffffff max_cycles: 0x2b2c8ec87c7, max_idle_ns: 440795278598 ns
[    0.250282] clocksource: Switched to clocksource tsc
[    0.250291] platform rtc_cmos: registered platform RTC device (no PNP device found)
[    0.250675] Initialise system trusted keyrings
[    0.250679] Key type blacklist registered
[    0.250691] workingset: timestamp_bits=36 max_order=22 bucket_order=0
[    0.250695] zbud: loaded
[    0.250794] squashfs: version 4.0 (2009/01/31) Phillip Lougher
[    0.250826] fuse: init (API version 7.38)
[    0.250882] integrity: Platform Keyring initialized
[    0.250886] integrity: Machine keyring initialized
[    0.253531] Key type asymmetric registered
[    0.253532] Asymmetric key parser 'x509' registered
[    0.253538] Block layer SCSI generic (bsg) driver version 0.4 loaded (major 243)
[    0.253556] io scheduler mq-deadline registered
[    0.253834] pcieport 0000:00:01.0: PME: Signaling with IRQ 121
[    0.253862] pcieport 0000:00:01.0: AER: enabled with IRQ 121
[    0.253953] pcieport 0000:00:06.0: PME: Signaling with IRQ 122
[    0.253972] pcieport 0000:00:06.0: AER: enabled with IRQ 122
[    0.254062] pcieport 0000:00:1a.0: PME: Signaling with IRQ 123
[    0.254083] pcieport 0000:00:1a.0: pciehp: Slot #0 AttnBtn- PwrCtrl- MRL- AttnInd- PwrInd- HotPlug+ Surprise+ Interlock- NoCompl+ IbPresDis- LLActRep+
[    0.254211] pcieport 0000:00:1b.0: PME: Signaling with IRQ 124
[    0.254290] pcieport 0000:00:1c.0: PME: Signaling with IRQ 125
[    0.254300] pcieport 0000:00:1c.0: pciehp: Slot #0 AttnBtn- PwrCtrl- MRL- AttnInd- PwrInd- HotPlug+ Surprise+ Interlock- NoCompl+ IbPresDis- LLActRep+
[    0.254446] pcieport 0000:00:1c.2: PME: Signaling with IRQ 126
[    0.254480] pcieport 0000:00:1c.2: AER: enabled with IRQ 126
[    0.254581] pcieport 0000:00:1d.0: PME: Signaling with IRQ 127
[    0.254597] pcieport 0000:00:1d.0: pciehp: Slot #0 AttnBtn- PwrCtrl- MRL- AttnInd- PwrInd- HotPlug+ Surprise+ Interlock- NoCompl+ IbPresDis- LLActRep+
[    0.254685] shpchp: Standard Hot Plug PCI Controller Driver version: 0.4
[    0.254707] efifb: probing for efifb
[    0.254718] efifb: showing boot graphics
[    0.255757] efifb: framebuffer at 0x4000000000, using 8640k, total 8640k
[    0.255758] efifb: mode is 1920x1080x32, linelength=8192, pages=1
[    0.255759] efifb: scrolling: redraw
[    0.255759] efifb: Truecolor: size=8:8:8:8, shift=24:16:8:0
[    0.255775] fbcon: Deferring console take-over
[    0.255775] fb0: EFI VGA frame buffer device
[    0.255889] Monitor-Mwait will be used to enter C-1 state
[    0.255893] Monitor-Mwait will be used to enter C-2 state
[    0.255896] Monitor-Mwait will be used to enter C-3 state
[    0.255897] ACPI: \_SB_.PR00: Found 3 idle states
[    0.256588] input: Sleep Button as /devices/LNXSYSTM:00/LNXSYBUS:00/PNP0C0E:00/input/input0
[    0.256598] ACPI: button: Sleep Button [SLPB]
[    0.256612] input: Power Button as /devices/LNXSYSTM:00/LNXSYBUS:00/PNP0C0C:00/input/input1
[    0.256619] ACPI: button: Power Button [PWRB]
[    0.256632] input: Power Button as /devices/LNXSYSTM:00/LNXPWRBN:00/input/input2
[    0.256664] ACPI: button: Power Button [PWRF]
[    0.260196] thermal LNXTHERM:00: registered as thermal_zone0
[    0.260197] ACPI: thermal: Thermal Zone [TZ00] (28 C)
[    0.260300] Serial: 8250/16550 driver, 32 ports, IRQ sharing enabled
[    0.281128] 00:01: ttyS0 at I/O 0x3f8 (irq = 4, base_baud = 115200) is a 16550A
[    0.283074] hpet_acpi_add: no address or irqs in _CRS
[    0.283090] Linux agpgart interface v0.103
[    0.292171] loop: module loaded
[    0.292279] tun: Universal TUN/TAP device driver, 1.6
[    0.292289] PPP generic driver version 2.4.2
[    0.292330] i8042: PNP: No PS/2 controller found.
[    0.292346] mousedev: PS/2 mouse device common for all mice
[    0.292383] rtc_cmos rtc_cmos: RTC can wake from S4
[    0.293100] rtc_cmos rtc_cmos: registered as rtc0
[    0.293255] rtc_cmos rtc_cmos: setting system clock to 2024-03-12T19:36:47 UTC (1710272207)
[    0.293287] rtc_cmos rtc_cmos: alarms up to one month, y3k, 114 bytes nvram
[    0.293291] i2c_dev: i2c /dev entries driver
[    0.294573] device-mapper: core: CONFIG_IMA_DISABLE_HTABLE is disabled. Duplicate IMA measurements will not be recorded in the IMA log.
[    0.294576] device-mapper: uevent: version 1.0.3
[    0.294588] device-mapper: ioctl: 4.48.0-ioctl (2023-03-01) initialised: dm-devel@redhat.com
[    0.294595] platform eisa.0: Probing EISA bus 0
[    0.294596] platform eisa.0: EISA: Cannot allocate resource for mainboard
[    0.294597] platform eisa.0: Cannot allocate resource for EISA slot 1
[    0.294597] platform eisa.0: Cannot allocate resource for EISA slot 2
[    0.294598] platform eisa.0: Cannot allocate resource for EISA slot 3
[    0.294598] platform eisa.0: Cannot allocate resource for EISA slot 4
[    0.294598] platform eisa.0: Cannot allocate resource for EISA slot 5
[    0.294599] platform eisa.0: Cannot allocate resource for EISA slot 6
[    0.294599] platform eisa.0: Cannot allocate resource for EISA slot 7
[    0.294600] platform eisa.0: Cannot allocate resource for EISA slot 8
[    0.294600] platform eisa.0: EISA: Detected 0 cards
[    0.294602] intel_pstate: Intel P-state driver initializing
[    0.296970] intel_pstate: HWP enabled
[    0.297597] ledtrig-cpu: registered to indicate activity on CPUs
[    0.297629] intel_pmc_core INT33A1:00:  initialized
[    0.297659] drop_monitor: Initializing network drop monitor service
[    0.303483] NET: Registered PF_INET6 protocol family
[    0.396805] Freeing initrd memory: 68600K
[    0.400109] Segment Routing with IPv6
[    0.400119] In-situ OAM (IOAM) with IPv6
[    0.400135] NET: Registered PF_PACKET protocol family
[    0.400269] Key type dns_resolver registered
[    0.403188] microcode: Microcode Update Driver: v2.2.
[    0.403191] IPI shorthand broadcast: enabled
[    0.403753] sched_clock: Marking stable (397006646, 6180145)->(436102081, -32915290)
[    0.404269] registered taskstats version 1
[    0.406446] Loading compiled-in X.509 certificates
[    0.406668] Loaded X.509 cert 'Build time autogenerated kernel key: 15eda42bdf3cb533b333ce49c7f57b6bc306f648'
[    0.406857] Loaded X.509 cert 'Canonical Ltd. Live Patch Signing: 14df34d1a87cf37625abec039ef2bf521249b969'
[    0.407043] Loaded X.509 cert 'Canonical Ltd. Kernel Module Signing: 88f752e560a1e0737e31163a466ad7b70a850c19'
[    0.407043] blacklist: Loading compiled-in revocation X.509 certificates
[    0.407050] Loaded X.509 cert 'Canonical Ltd. Secure Boot Signing: 61482aa2830d0ab2ad5af10b7250da9033ddcef0'
[    0.407055] Loaded X.509 cert 'Canonical Ltd. Secure Boot Signing (2017): 242ade75ac4a15e50d50c84b0d45ff3eae707a03'
[    0.407060] Loaded X.509 cert 'Canonical Ltd. Secure Boot Signing (ESM 2018): 365188c1d374d6b07c3c8f240f8ef722433d6a8b'
[    0.407066] Loaded X.509 cert 'Canonical Ltd. Secure Boot Signing (2019): c0746fd6c5da3ae827864651ad66ae47fe24b3e8'
[    0.407074] Loaded X.509 cert 'Canonical Ltd. Secure Boot Signing (2021 v1): a8d54bbb3825cfb94fa13c9f8a594a195c107b8d'
[    0.407079] Loaded X.509 cert 'Canonical Ltd. Secure Boot Signing (2021 v2): 4cf046892d6fd3c9a5b03f98d845f90851dc6a8c'
[    0.407085] Loaded X.509 cert 'Canonical Ltd. Secure Boot Signing (2021 v3): 100437bb6de6e469b581e61cd66bce3ef4ed53af'
[    0.407090] Loaded X.509 cert 'Canonical Ltd. Secure Boot Signing (Ubuntu Core 2019): c1d57b8f6b743f23ee41f4f7ee292f06eecadfb9'
[    0.407725] Key type .fscrypt registered
[    0.407726] Key type fscrypt-provisioning registered
[    0.407743] Key type trusted registered
[    0.409390] Key type encrypted registered
[    0.409392] AppArmor: AppArmor sha1 policy hashing enabled
[    0.409595] integrity: Loading X.509 certificate: UEFI:db
[    0.409675] integrity: Loaded X.509 cert 'ASUSTeK MotherBoard SW Key Certificate: da83b990422ebc8c441f8d8b039a65a2'
[    0.409675] integrity: Loading X.509 certificate: UEFI:db
[    0.409736] integrity: Loaded X.509 cert 'ASUSTeK Notebook SW Key Certificate: b8e581e4df77a5bb4282d5ccfc00c071'
[    0.409736] integrity: Loading X.509 certificate: UEFI:db
[    0.409744] integrity: Loaded X.509 cert 'Microsoft Corporation UEFI CA 2011: 13adbf4309bd82709c8cd54f316ed522988a1bd4'
[    0.409744] integrity: Loading X.509 certificate: UEFI:db
[    0.409751] integrity: Loaded X.509 cert 'Microsoft Windows Production PCA 2011: a92902398e16c49778cd90f99e4f9ae17c55af53'
[    0.409751] integrity: Loading X.509 certificate: UEFI:db
[    0.409814] integrity: Loaded X.509 cert 'Canonical Ltd. Master Certificate Authority: ad91990bc22ab1f517048c23b6655a268e345a63'
[    0.410230] Loading compiled-in module X.509 certificates
[    0.410429] Loaded X.509 cert 'Build time autogenerated kernel key: 15eda42bdf3cb533b333ce49c7f57b6bc306f648'
[    0.410430] ima: Allocated hash algorithm: sha1
[    0.445309] ima: No architecture policies found
[    0.445346] evm: Initialising EVM extended attributes:
[    0.445348] evm: security.selinux
[    0.445350] evm: security.SMACK64
[    0.445352] evm: security.SMACK64EXEC
[    0.445353] evm: security.SMACK64TRANSMUTE
[    0.445354] evm: security.SMACK64MMAP
[    0.445356] evm: security.apparmor
[    0.445357] evm: security.ima
[    0.445358] evm: security.capability
[    0.445359] evm: HMAC attrs: 0x1
[    0.445893] PM:   Magic number: 0:480:647
[    0.452878] RAS: Correctable Errors collector initialized.
[    0.452953] clk: Disabling unused clocks
[    0.462050] Freeing unused decrypted memory: 2036K
[    0.462725] Freeing unused kernel image (initmem) memory: 4808K
[    0.498266] Write protecting the kernel read-only data: 34816k
[    0.499372] Freeing unused kernel image (rodata/data gap) memory: 1148K
[    0.517844] x86/mm: Checked W+X mappings: passed, no W+X pages found.
[    0.517848] Run /init as init process
[    0.517849]   with arguments:
[    0.517850]     /init
[    0.517851]     splash
[    0.517851]   with environment:
[    0.517852]     HOME=/
[    0.517853]     TERM=linux
[    0.517853]     BOOT_IMAGE=/boot/vmlinuz-6.5.0-25-generic
[    0.564575] acpi PNP0C14:06: duplicate WMI GUID 97845ED0-4E6D-11DE-8A39-0800200C9A66 (first instance was on PNP0C14:02)
[    0.569330] vmd 0000:00:0e.0: PCI host bridge to bus 10000:e0
[    0.569331] pci_bus 10000:e0: root bus resource [bus e0-ff]
[    0.569332] pci_bus 10000:e0: root bus resource [mem 0x82000000-0x83ffffff]
[    0.569333] pci_bus 10000:e0: root bus resource [mem 0x4804102000-0x48041fffff 64bit]
[    0.570141] xhci_hcd 0000:00:14.0: xHCI Host Controller
[    0.570146] xhci_hcd 0000:00:14.0: new USB bus registered, assigned bus number 1
[    0.570705] r8169 0000:06:00.0: enabling device (0000 -> 0003)
[    0.570736] ahci 0000:00:17.0: version 3.0
[    0.570865] r8169 0000:06:00.0: can't disable ASPM; OS doesn't have ASPM control
[    0.571005] i801_smbus 0000:00:1f.4: SPD Write Disable is set
[    0.571045] ahci 0000:00:17.0: AHCI 0001.0301 32 slots 4 ports 6 Gbps 0xf0 impl SATA mode
[    0.571048] ahci 0000:00:17.0: flags: 64bit ncq sntf led clo only pio slum part ems deso sadm sds 
[    0.571065] i801_smbus 0000:00:1f.4: SMBus using PCI interrupt
[    0.571237] xhci_hcd 0000:00:14.0: hcc params 0x20007fc1 hci version 0x120 quirks 0x0000000200009810
[    0.571511] xhci_hcd 0000:00:14.0: xHCI Host Controller
[    0.571514] xhci_hcd 0000:00:14.0: new USB bus registered, assigned bus number 2
[    0.571515] xhci_hcd 0000:00:14.0: Host supports USB 3.2 Enhanced SuperSpeed
[    0.571545] usb usb1: New USB device found, idVendor=1d6b, idProduct=0002, bcdDevice= 6.05
[    0.571547] usb usb1: New USB device strings: Mfr=3, Product=2, SerialNumber=1
[    0.571548] usb usb1: Product: xHCI Host Controller
[    0.571549] usb usb1: Manufacturer: Linux 6.5.0-25-generic xhci-hcd
[    0.571549] usb usb1: SerialNumber: 0000:00:14.0
[    0.571681] hub 1-0:1.0: USB hub found
[    0.571705] hub 1-0:1.0: 16 ports detected
[    0.575784] i2c i2c-0: 1/4 memory slots populated (from DMI)
[    0.575786] i2c i2c-0: Memory type 0x22 not supported yet, not instantiating SPD
[    0.575945] usb usb2: New USB device found, idVendor=1d6b, idProduct=0003, bcdDevice= 6.05
[    0.575947] usb usb2: New USB device strings: Mfr=3, Product=2, SerialNumber=1
[    0.575947] usb usb2: Product: xHCI Host Controller
[    0.575948] usb usb2: Manufacturer: Linux 6.5.0-25-generic xhci-hcd
[    0.575948] usb usb2: SerialNumber: 0000:00:14.0
[    0.576018] hub 2-0:1.0: USB hub found
[    0.576033] hub 2-0:1.0: 9 ports detected
[    0.576633] nvme 0000:02:00.0: platform quirk: setting simple suspend
[    0.576687] nvme nvme0: pci function 0000:02:00.0
[    0.577183] asus_wmi: ASUS WMI generic driver loaded
[    0.582025] intel-lpss 0000:00:15.0: enabling device (0004 -> 0006)
[    0.582214] idma64 idma64.0: Found Intel integrated DMA 64-bit
[    0.584859] vmd 0000:00:0e.0: Bound to PCI domain 10000
[    0.587482] r8169 0000:06:00.0 eth0: RTL8125B, a0:36:bc:e7:66:54, XID 641, IRQ 150
[    0.587484] r8169 0000:06:00.0 eth0: jumbo features [frames: 9194 bytes, tx checksumming: ko]
[    0.597266] nvme nvme0: allocated 64 MiB host memory buffer.
[    0.597780] intel-lpss 0000:00:15.1: enabling device (0004 -> 0006)
[    0.597968] idma64 idma64.1: Found Intel integrated DMA 64-bit
[    0.613580] intel-lpss 0000:00:15.2: enabling device (0004 -> 0006)
[    0.613730] idma64 idma64.2: Found Intel integrated DMA 64-bit
[    0.615349] scsi host0: ahci
[    0.615606] scsi host1: ahci
[    0.615747] scsi host2: ahci
[    0.615887] scsi host3: ahci
[    0.616092] scsi host4: ahci
[    0.616163] scsi host5: ahci
[    0.616218] scsi host6: ahci
[    0.616275] scsi host7: ahci
[    0.616293] ata1: DUMMY
[    0.616294] ata2: DUMMY
[    0.616294] ata3: DUMMY
[    0.616294] ata4: DUMMY
[    0.616302] ata5: SATA max UDMA/133 abar m2048@0x87102000 port 0x87102300 irq 147
[    0.616307] ata6: SATA max UDMA/133 abar m2048@0x87102000 port 0x87102380 irq 147
[    0.616308] ata7: SATA max UDMA/133 abar m2048@0x87102000 port 0x87102400 irq 147
[    0.616310] ata8: SATA max UDMA/133 abar m2048@0x87102000 port 0x87102480 irq 147
[    0.616472] nvme nvme0: 8/0/0 default/read/poll queues
[    0.626119]  nvme0n1: p1 p2 p3 p4 p5 p6 p7
[    0.834328] usb 1-2: new full-speed USB device number 2 using xhci_hcd
[    0.930080] ata7: SATA link down (SStatus 4 SControl 300)
[    0.930666] ata8: SATA link down (SStatus 4 SControl 300)
[    0.933961] ata5: SATA link down (SStatus 4 SControl 300)
[    0.934702] ata6: SATA link down (SStatus 4 SControl 300)
[    0.978367] r8169 0000:06:00.0 enp6s0: renamed from eth0
[    0.984303] usb 1-2: config 1 has an invalid interface number: 2 but max is 1
[    0.984316] usb 1-2: config 1 has no interface number 1
[    0.985480] usb 1-2: New USB device found, idVendor=0b05, idProduct=19af, bcdDevice= 1.00
[    0.985494] usb 1-2: New USB device strings: Mfr=1, Product=2, SerialNumber=3
[    0.985500] usb 1-2: Product: AURA LED Controller
[    0.985504] usb 1-2: Manufacturer: AsusTek Computer Inc.
[    0.985508] usb 1-2: SerialNumber: 9876543210
[    1.114311] usb 1-7: new low-speed USB device number 3 using xhci_hcd
[    1.268374] usb 1-7: New USB device found, idVendor=1c4f, idProduct=5c44, bcdDevice= 1.10
[    1.268388] usb 1-7: New USB device strings: Mfr=1, Product=2, SerialNumber=0
[    1.268395] usb 1-7: Product: USB Keyboard 
[    1.268399] usb 1-7: Manufacturer:     
[    1.398302] usb 1-8: new high-speed USB device number 4 using xhci_hcd
[    1.547316] usb 1-8: New USB device found, idVendor=2bc5, idProduct=0401, bcdDevice= 0.01
[    1.547331] usb 1-8: New USB device strings: Mfr=1, Product=2, SerialNumber=0
[    1.547337] usb 1-8: Product: ORBBEC Depth Sensor
[    1.547341] usb 1-8: Manufacturer: Orbbec(R)
[    1.694304] usb 1-13: new high-speed USB device number 5 using xhci_hcd
[    1.842838] usb 1-13: New USB device found, idVendor=058f, idProduct=6254, bcdDevice= 1.00
[    1.842853] usb 1-13: New USB device strings: Mfr=0, Product=0, SerialNumber=0
[    1.844956] hub 1-13:1.0: USB hub found
[    1.845087] hub 1-13:1.0: 4 ports detected
[    1.974293] usb 1-14: new full-speed USB device number 6 using xhci_hcd
[    2.125040] usb 1-14: New USB device found, idVendor=8087, idProduct=0026, bcdDevice= 0.02
[    2.125055] usb 1-14: New USB device strings: Mfr=0, Product=0, SerialNumber=0
[    2.140231] hid: raw HID events driver (C) Jiri Kosina
[    2.150842] usbcore: registered new interface driver usbhid
[    2.150847] usbhid: USB HID core driver
[    2.154501] hid-generic 0003:0B05:19AF.0001: hiddev0,hidraw0: USB HID v1.11 Device [AsusTek Computer Inc. AURA LED Controller] on usb-0000:00:14.0-2/input2
[    2.154774] input:      USB Keyboard  as /devices/pci0000:00/0000:00:14.0/usb1/1-7/1-7:1.0/0003:1C4F:5C44.0002/input/input3
[    2.214458] hid-generic 0003:1C4F:5C44.0002: input,hidraw1: USB HID v1.10 Keyboard [     USB Keyboard ] on usb-0000:00:14.0-7/input0
[    2.214892] input:      USB Keyboard  Consumer Control as /devices/pci0000:00/0000:00:14.0/usb1/1-7/1-7:1.1/0003:1C4F:5C44.0003/input/input4
[    2.274540] input:      USB Keyboard  System Control as /devices/pci0000:00/0000:00:14.0/usb1/1-7/1-7:1.1/0003:1C4F:5C44.0003/input/input5
[    2.274824] input:      USB Keyboard  Keyboard as /devices/pci0000:00/0000:00:14.0/usb1/1-7/1-7:1.1/0003:1C4F:5C44.0003/input/input7
[    2.275465] hid-generic 0003:1C4F:5C44.0003: input,hiddev1,hidraw2: USB HID v1.10 Keyboard [     USB Keyboard ] on usb-0000:00:14.0-7/input1
[    2.338115] fbcon: Taking over console
[    2.338260] Console: switching to colour frame buffer device 240x67
[    2.344928] EXT4-fs (nvme0n1p5): mounted filesystem 0b19ec64-3891-45a8-a898-8facd1f11db5 ro with ordered data mode. Quota mode: none.
[    2.474751] systemd[1]: Inserted module 'autofs4'
[    2.507084] systemd[1]: systemd 249.11-0ubuntu3.12 running in system mode (+PAM +AUDIT +SELINUX +APPARMOR +IMA +SMACK +SECCOMP +GCRYPT +GNUTLS +OPENSSL +ACL +BLKID +CURL +ELFUTILS +FIDO2 +IDN2 -IDN +IPTC +KMOD +LIBCRYPTSETUP +LIBFDISK +PCRE2 -PWQUALITY -P11KIT -QRENCODE +BZIP2 +LZ4 +XZ +ZLIB +ZSTD -XKBCOMMON +UTMP +SYSVINIT default-hierarchy=unified)
[    2.507140] systemd[1]: Detected architecture x86-64.
[    2.507349] systemd[1]: Hostname set to <tactile-manipulation>.
[    2.553343] systemd[1]: memfd_create() called without MFD_EXEC or MFD_NOEXEC_SEAL set
[    2.576855] block nvme0n1: the capability attribute has been deprecated.
[    2.647957] systemd[1]: Queued start job for default target Graphical Interface.
[    2.679498] systemd[1]: Created slice Slice /system/modprobe.
[    2.680113] systemd[1]: Created slice Slice /system/systemd-fsck.
[    2.680374] systemd[1]: Created slice User and Session Slice.
[    2.680469] systemd[1]: Started Forward Password Requests to Wall Directory Watch.
[    2.680764] systemd[1]: Set up automount Arbitrary Executable File Formats File System Automount Point.
[    2.680882] systemd[1]: Reached target User and Group Name Lookups.
[    2.680902] systemd[1]: Reached target Remote File Systems.
[    2.680919] systemd[1]: Reached target Slice Units.
[    2.680942] systemd[1]: Reached target Mounting snaps.
[    2.680981] systemd[1]: Reached target Local Verity Protected Volumes.
[    2.681177] systemd[1]: Listening on Syslog Socket.
[    2.681301] systemd[1]: Listening on fsck to fsckd communication Socket.
[    2.681366] systemd[1]: Listening on initctl Compatibility Named Pipe.
[    2.681606] systemd[1]: Listening on Journal Audit Socket.
[    2.681704] systemd[1]: Listening on Journal Socket (/dev/log).
[    2.681838] systemd[1]: Listening on Journal Socket.
[    2.682152] systemd[1]: Listening on udev Control Socket.
[    2.682297] systemd[1]: Listening on udev Kernel Socket.
[    2.683614] systemd[1]: Mounting Huge Pages File System...
[    2.684825] systemd[1]: Mounting POSIX Message Queue File System...
[    2.686058] systemd[1]: Mounting Kernel Debug File System...
[    2.687085] systemd[1]: Mounting Kernel Trace File System...
[    2.689425] systemd[1]: Starting Journal Service...
[    2.690274] systemd[1]: Starting Set the console keyboard layout...
[    2.691048] systemd[1]: Starting Create List of Static Device Nodes...
[    2.691713] systemd[1]: Starting Load Kernel Module configfs...
[    2.692311] systemd[1]: Starting Load Kernel Module drm...
[    2.692890] systemd[1]: Starting Load Kernel Module efi_pstore...
[    2.693417] systemd[1]: Starting Load Kernel Module fuse...
[    2.693515] systemd[1]: Condition check resulted in File System Check on Root Device being skipped.
[    2.694330] systemd[1]: Starting Load Kernel Modules...
[    2.694771] systemd[1]: Starting Remount Root and Kernel File Systems...
[    2.695371] systemd[1]: Starting Coldplug All udev Devices...
[    2.695624] pstore: Using crash dump compression: deflate
[    2.695983] systemd[1]: Mounted Huge Pages File System.
[    2.696023] systemd[1]: Mounted POSIX Message Queue File System.
[    2.696051] systemd[1]: Mounted Kernel Debug File System.
[    2.696079] systemd[1]: Mounted Kernel Trace File System.
[    2.696213] systemd[1]: Finished Create List of Static Device Nodes.
[    2.696322] systemd[1]: modprobe@configfs.service: Deactivated successfully.
[    2.696419] systemd[1]: Finished Load Kernel Module configfs.
[    2.696500] systemd[1]: modprobe@fuse.service: Deactivated successfully.
[    2.696585] systemd[1]: Finished Load Kernel Module fuse.
[    2.696973] systemd[1]: Mounting FUSE Control File System...
[    2.697331] systemd[1]: Mounting Kernel Configuration File System...
[    2.698205] systemd[1]: Mounted FUSE Control File System.
[    2.698234] systemd[1]: Mounted Kernel Configuration File System.
[    2.703835] pstore: Registered efi_pstore as persistent store backend
[    2.706248] systemd[1]: modprobe@efi_pstore.service: Deactivated successfully.
[    2.706347] systemd[1]: Finished Load Kernel Module efi_pstore.
[    2.706394] ACPI: bus type drm_connector registered
[    2.707363] lp: driver loaded but no devices found
[    2.707439] systemd[1]: modprobe@drm.service: Deactivated successfully.
[    2.707512] systemd[1]: Finished Load Kernel Module drm.
[    2.708451] ppdev: user-space parallel port driver
[    2.710250] systemd[1]: Started Journal Service.
[    2.730833] EXT4-fs (nvme0n1p5): re-mounted 0b19ec64-3891-45a8-a898-8facd1f11db5 r/w. Quota mode: none.
[    2.733252] systemd-journald[508]: Received client request to flush runtime journal.
[    2.757541] loop0: detected capacity change from 0 to 130888
[    2.757565] loop1: detected capacity change from 0 to 8
[    2.757992] loop2: detected capacity change from 0 to 130880
[    2.759266] loop3: detected capacity change from 0 to 151784
[    2.760118] loop4: detected capacity change from 0 to 151992
[    2.760950] loop5: detected capacity change from 0 to 546064
[    2.761552] loop6: detected capacity change from 0 to 547760
[    2.762618] loop7: detected capacity change from 0 to 716168
[    2.763625] loop8: detected capacity change from 0 to 716176
[    2.765070] loop9: detected capacity change from 0 to 994336
[    2.765915] loop10: detected capacity change from 0 to 1017816
[    2.766930] loop11: detected capacity change from 0 to 187776
[    2.768259] loop12: detected capacity change from 0 to 94064
[    2.769089] loop13: detected capacity change from 0 to 25240
[    2.770221] loop14: detected capacity change from 0 to 82800
[    2.771212] loop15: detected capacity change from 0 to 80072
[    2.771796] loop16: detected capacity change from 0 to 608
[    2.772879] loop17: detected capacity change from 0 to 904
[    2.873937] mei_me 0000:00:16.0: enabling device (0000 -> 0002)
[    2.877528] asus_wmi: SFUN value: 0x1
[    2.877533] asus-nb-wmi asus-nb-wmi: Detected ATK, not ASUSWMI, use DSTS
[    2.877535] asus-nb-wmi asus-nb-wmi: Detected ATK, enable event queue
[    2.877556] asus_wmi: Failed to get WMI notify code: AE_NOT_FOUND
[    2.877557] asus_wmi: Failed to get event during flush: -5
[    2.877574] asus_wmi: SFUN value: 0x1
[    2.877579] eeepc-wmi eeepc-wmi: Detected ATK, not ASUSWMI, use DSTS
[    2.879413] input: Eee PC WMI hotkeys as /devices/platform/eeepc-wmi/input/input8
[    2.879804] input: Asus WMI hotkeys as /devices/platform/asus-nb-wmi/input/input9
[    2.893573] Adding 14370812k swap on /dev/nvme0n1p7.  Priority:-2 extents:1 across:14370812k SSFS
[    2.942859] spi-nor spi0.0: gd25q64 (8192 Kbytes)
[    2.944710] cfg80211: Loading compiled-in X.509 certificates for regulatory database
[    2.945370] Loaded X.509 cert 'sforshee: 00b28ddf47aef9cea7'
[    2.964547] Bluetooth: Core ver 2.22
[    2.964558] NET: Registered PF_BLUETOOTH protocol family
[    2.964559] Bluetooth: HCI device and connection manager initialized
[    2.964561] Bluetooth: HCI socket layer initialized
[    2.964562] Bluetooth: L2CAP socket layer initialized
[    2.964564] Bluetooth: SCO socket layer initialized
[    2.964703] RAPL PMU: API unit is 2^-32 Joules, 2 fixed counters, 655360 ms ovfl timer
[    2.964705] RAPL PMU: hw unit of domain pp0-core 2^-14 Joules
[    2.964706] RAPL PMU: hw unit of domain package 2^-14 Joules
[    2.965213] Creating 1 MTD partitions on "0000:00:1f.5":
[    2.965216] 0x000000000000-0x000001800000 : "BIOS"
[    2.965217] mtd: partition "BIOS" extends beyond the end of device "0000:00:1f.5" -- size truncated to 0x800000
[    2.966152] spi-nor spi0.1: w25q128 (16384 Kbytes)
[    2.982100] cryptd: max_cpu_qlen set to 1000
[    2.989060] AVX2 version of gcm_enc/dec engaged.
[    2.989747] EXT4-fs (nvme0n1p6): mounted filesystem 9af2cc7b-bf81-4138-814c-d32ffbd7078f r/w with ordered data mode. Quota mode: none.
[    2.989966] AES CTR mode by8 optimization enabled
[    3.003559] mc: Linux media interface: v0.10
[    3.004031] Intel(R) Wireless WiFi driver for Linux
[    3.004149] iwlwifi 0000:00:14.3: enabling device (0000 -> 0002)
[    3.006565] usbcore: registered new interface driver btusb
[    3.008535] Bluetooth: hci0: Device revision is 2
[    3.008546] Bluetooth: hci0: Secure boot is enabled
[    3.008550] Bluetooth: hci0: OTP lock is enabled
[    3.008554] Bluetooth: hci0: API lock is enabled
[    3.008557] Bluetooth: hci0: Debug lock is disabled
[    3.008560] Bluetooth: hci0: Minimum firmware build 1 week 10 2014
[    3.008566] Bluetooth: hci0: Bootloader timestamp 2019.40 buildtype 1 build 38
[    3.008973] iwlwifi 0000:00:14.3: Detected crf-id 0x1300504, cnv-id 0x80401 wfpm id 0x80000030
[    3.008999] iwlwifi 0000:00:14.3: PCI dev 7af0/0074, rev=0x430, rfid=0x10a100
[    3.011581] Bluetooth: hci0: Found device firmware: intel/ibt-1040-4150.sfi
[    3.011660] Bluetooth: hci0: Boot Address: 0x100800
[    3.011665] Bluetooth: hci0: Firmware Version: 107-51.22
[    3.013311] iwlwifi 0000:00:14.3: api flags index 2 larger than supported by driver
[    3.013326] iwlwifi 0000:00:14.3: TLV_FW_FSEQ_VERSION: FSEQ Version: 0.0.2.41
[    3.014053] iwlwifi 0000:00:14.3: loaded firmware version 83.e8f84e98.0 so-a0-hr-b0-83.ucode op_mode iwlmvm
[    3.031051] audit: type=1400 audit(1710272210.236:2): apparmor="STATUS" operation="profile_load" profile="unconfined" name="libreoffice-xpdfimport" pid=800 comm="apparmor_parser"
[    3.031079] audit: type=1400 audit(1710272210.236:3): apparmor="STATUS" operation="profile_load" profile="unconfined" name="libreoffice-senddoc" pid=798 comm="apparmor_parser"
[    3.031193] audit: type=1400 audit(1710272210.236:4): apparmor="STATUS" operation="profile_load" profile="unconfined" name="nvidia_modprobe" pid=792 comm="apparmor_parser"
[    3.031195] audit: type=1400 audit(1710272210.236:5): apparmor="STATUS" operation="profile_load" profile="unconfined" name="nvidia_modprobe//kmod" pid=792 comm="apparmor_parser"
[    3.031215] audit: type=1400 audit(1710272210.236:6): apparmor="STATUS" operation="profile_load" profile="unconfined" name="lsb_release" pid=791 comm="apparmor_parser"
[    3.031506] audit: type=1400 audit(1710272210.236:7): apparmor="STATUS" operation="profile_load" profile="unconfined" name="libreoffice-oosplash" pid=797 comm="apparmor_parser"
[    3.031622] audit: type=1400 audit(1710272210.236:8): apparmor="STATUS" operation="profile_load" profile="unconfined" name="/usr/lib/snapd/snap-confine" pid=801 comm="apparmor_parser"
[    3.031623] audit: type=1400 audit(1710272210.236:9): apparmor="STATUS" operation="profile_load" profile="unconfined" name="/usr/lib/snapd/snap-confine//mount-namespace-capture-helper" pid=801 comm="apparmor_parser"
[    3.031673] audit: type=1400 audit(1710272210.236:10): apparmor="STATUS" operation="profile_load" profile="unconfined" name="/usr/bin/man" pid=795 comm="apparmor_parser"
[    3.072328] snd_hda_intel 0000:00:1f.3: enabling device (0000 -> 0002)
[    3.072792] snd_hda_intel 0000:01:00.1: enabling device (0000 -> 0002)
[    3.072843] snd_hda_intel 0000:01:00.1: Disabling MSI
[    3.072847] snd_hda_intel 0000:01:00.1: Handle vga_switcheroo audio client
[    3.086016] iwlwifi 0000:00:14.3: Detected Intel(R) Wi-Fi 6 AX201 160MHz, REV=0x430
[    3.086063] thermal thermal_zone1: failed to read out thermal zone (-61)
[    3.091537] snd_hda_codec_realtek hdaudioC0D0: autoconfig for ALC897: line_outs=3 (0x14/0x15/0x16/0x0/0x0) type:line
[    3.091540] snd_hda_codec_realtek hdaudioC0D0:    speaker_outs=0 (0x0/0x0/0x0/0x0/0x0)
[    3.091541] snd_hda_codec_realtek hdaudioC0D0:    hp_outs=1 (0x1b/0x0/0x0/0x0/0x0)
[    3.091541] snd_hda_codec_realtek hdaudioC0D0:    mono: mono_out=0x0
[    3.091542] snd_hda_codec_realtek hdaudioC0D0:    dig-out=0x1e/0x0
[    3.091542] snd_hda_codec_realtek hdaudioC0D0:    inputs:
[    3.091543] snd_hda_codec_realtek hdaudioC0D0:      Front Mic=0x19
[    3.091543] snd_hda_codec_realtek hdaudioC0D0:      Rear Mic=0x18
[    3.091544] snd_hda_codec_realtek hdaudioC0D0:      Line=0x1a
[    3.094148] iwlwifi 0000:00:14.3: WRT: Invalid buffer destination
[    3.095791] input: HDA NVidia HDMI/DP,pcm=3 as /devices/pci0000:00/0000:00:01.0/0000:01:00.1/sound/card2/input10
[    3.095935] input: HDA NVidia HDMI/DP,pcm=7 as /devices/pci0000:00/0000:00:01.0/0000:01:00.1/sound/card2/input11
[    3.095980] input: HDA NVidia HDMI/DP,pcm=8 as /devices/pci0000:00/0000:00:01.0/0000:01:00.1/sound/card2/input12
[    3.096013] input: HDA NVidia HDMI/DP,pcm=9 as /devices/pci0000:00/0000:00:01.0/0000:01:00.1/sound/card2/input13
[    3.097436] intel_tcc_cooling: Programmable TCC Offset detected
[    3.106193] intel_rapl_msr: PL4 support detected.
[    3.106210] intel_rapl_common: Found RAPL domain package
[    3.106212] intel_rapl_common: Found RAPL domain core
[    3.112050] input: HDA Intel PCH Front Mic as /devices/pci0000:00/0000:00:1f.3/sound/card0/input14
[    3.112084] input: HDA Intel PCH Rear Mic as /devices/pci0000:00/0000:00:1f.3/sound/card0/input15
[    3.112110] input: HDA Intel PCH Line as /devices/pci0000:00/0000:00:1f.3/sound/card0/input16
[    3.112142] input: HDA Intel PCH Line Out Front as /devices/pci0000:00/0000:00:1f.3/sound/card0/input17
[    3.112166] input: HDA Intel PCH Line Out Surround as /devices/pci0000:00/0000:00:1f.3/sound/card0/input18
[    3.112190] input: HDA Intel PCH Line Out CLFE as /devices/pci0000:00/0000:00:1f.3/sound/card0/input19
[    3.112212] input: HDA Intel PCH Front Headphone as /devices/pci0000:00/0000:00:1f.3/sound/card0/input20
[    3.196819] iwlwifi 0000:00:14.3: WFPM_UMAC_PD_NOTIFICATION: 0x20
[    3.196849] iwlwifi 0000:00:14.3: WFPM_LMAC2_PD_NOTIFICATION: 0x1f
[    3.196859] iwlwifi 0000:00:14.3: WFPM_AUTH_KEY_0: 0x90
[    3.196868] iwlwifi 0000:00:14.3: CNVI_SCU_SEQ_DATA_DW9: 0x10
[    3.196903] iwlwifi 0000:00:14.3: Detected RF HR B3, rfid=0x10a100
[    3.198125] iwlwifi 0000:00:14.3: RFIm is deactivated, reason = 5
[    3.256290] Bluetooth: BNEP (Ethernet Emulation) ver 1.3
[    3.256294] Bluetooth: BNEP filters: protocol multicast
[    3.256297] Bluetooth: BNEP socket layer initialized
[    3.262952] iwlwifi 0000:00:14.3: base HW address: 08:8e:90:2c:8b:f7
[    3.272833] usbcore: registered new interface driver snd-usb-audio
[    3.310274] iwlwifi 0000:00:14.3 wlo1: renamed from wlan0
[    3.426247] RTL8226B_RTL8221B 2.5Gbps PHY r8169-0-600:00: attached PHY driver (mii_bus:phy_addr=r8169-0-600:00, irq=MAC)
[    3.622364] r8169 0000:06:00.0 enp6s0: Link is Down
[    3.639857] iwlwifi 0000:00:14.3: WRT: Invalid buffer destination
[    3.737696] iwlwifi 0000:00:14.3: WFPM_UMAC_PD_NOTIFICATION: 0x20
[    3.737706] iwlwifi 0000:00:14.3: WFPM_LMAC2_PD_NOTIFICATION: 0x1f
[    3.737714] iwlwifi 0000:00:14.3: WFPM_AUTH_KEY_0: 0x90
[    3.737721] iwlwifi 0000:00:14.3: CNVI_SCU_SEQ_DATA_DW9: 0x10
[    3.738888] iwlwifi 0000:00:14.3: RFIm is deactivated, reason = 5
[    3.809209] iwlwifi 0000:00:14.3: Registered PHC clock: iwlwifi-PTP, with index: 0
[    4.067049] loop18: detected capacity change from 0 to 8
[    4.398138] Bluetooth: hci0: Waiting for firmware download to complete
[    4.398391] Bluetooth: hci0: Firmware loaded in 1354297 usecs
[    4.398408] Bluetooth: hci0: Waiting for device to boot
[    4.414392] Bluetooth: hci0: Device booted in 15615 usecs
[    4.414393] Bluetooth: hci0: Malformed MSFT vendor event: 0x02
[    4.414637] Bluetooth: hci0: Found Intel DDC parameters: intel/ibt-1040-4150.ddc
[    4.416393] Bluetooth: hci0: Applying Intel DDC parameters completed
[    4.419416] Bluetooth: hci0: Firmware timestamp 2022.51 buildtype 1 build 56683
[    4.488508] Bluetooth: MGMT ver 1.22
[    4.556209] NET: Registered PF_ALG protocol family
[    6.948035] wlo1: authenticate with 54:af:97:35:8d:48
[    6.948073] wlo1: 80 MHz not supported, disabling VHT
[    6.953760] wlo1: send auth to 54:af:97:35:8d:48 (try 1/3)
[    6.980903] wlo1: authenticated
[    6.986195] wlo1: associate with 54:af:97:35:8d:48 (try 1/3)
[    6.989947] wlo1: RX AssocResp from 54:af:97:35:8d:48 (capab=0x1c11 status=0 aid=1)
[    6.996037] wlo1: associated
[   24.317772] kauditd_printk_skb: 39 callbacks suppressed
[   24.317775] audit: type=1400 audit(1710272231.520:50): apparmor="DENIED" operation="capable" class="cap" profile="/snap/snapd/21184/usr/lib/snapd/snap-confine" pid=1238 comm="snap-confine" capability=12  capname="net_admin"
[   24.317793] audit: type=1400 audit(1710272231.520:51): apparmor="DENIED" operation="capable" class="cap" profile="/snap/snapd/21184/usr/lib/snapd/snap-confine" pid=1238 comm="snap-confine" capability=38  capname="perfmon"
[   24.403959] Bluetooth: RFCOMM TTY layer initialized
[   24.403964] Bluetooth: RFCOMM socket layer initialized
[   24.403966] Bluetooth: RFCOMM ver 1.11
[   27.337279] audit: type=1400 audit(1710272234.540:52): apparmor="DENIED" operation="capable" class="cap" profile="/snap/snapd/21184/usr/lib/snapd/snap-confine" pid=1374 comm="snap-confine" capability=12  capname="net_admin"
[   27.337287] audit: type=1400 audit(1710272234.540:53): apparmor="DENIED" operation="capable" class="cap" profile="/snap/snapd/21184/usr/lib/snapd/snap-confine" pid=1374 comm="snap-confine" capability=38  capname="perfmon"
[   32.221147] audit: type=1400 audit(1710272239.424:54): apparmor="DENIED" operation="capable" class="cap" profile="/snap/snapd/21184/usr/lib/snapd/snap-confine" pid=1525 comm="snap-confine" capability=12  capname="net_admin"
[   32.221181] audit: type=1400 audit(1710272239.424:55): apparmor="DENIED" operation="capable" class="cap" profile="/snap/snapd/21184/usr/lib/snapd/snap-confine" pid=1525 comm="snap-confine" capability=38  capname="perfmon"
[   34.682964] audit: type=1400 audit(1710272240.918:56): apparmor="DENIED" operation="capable" class="cap" profile="/snap/snapd/21184/usr/lib/snapd/snap-confine" pid=1609 comm="snap-confine" capability=12  capname="net_admin"
[   34.682971] audit: type=1400 audit(1710272240.918:57): apparmor="DENIED" operation="capable" class="cap" profile="/snap/snapd/21184/usr/lib/snapd/snap-confine" pid=1609 comm="snap-confine" capability=38  capname="perfmon"
[   36.005365] audit: type=1400 audit(1710272242.238:58): apparmor="DENIED" operation="capable" class="cap" profile="/snap/snapd/21184/usr/lib/snapd/snap-confine" pid=2310 comm="snap-confine" capability=12  capname="net_admin"
[   36.005370] audit: type=1400 audit(1710272242.238:59): apparmor="DENIED" operation="capable" class="cap" profile="/snap/snapd/21184/usr/lib/snapd/snap-confine" pid=2310 comm="snap-confine" capability=38  capname="perfmon"
[   36.007104] rfkill: input handler disabled
[   36.839540] audit: type=1400 audit(1710272243.074:60): apparmor="DENIED" operation="capable" class="cap" profile="/snap/snapd/21184/usr/lib/snapd/snap-confine" pid=2681 comm="snap-confine" capability=12  capname="net_admin"
[   36.839547] audit: type=1400 audit(1710272243.074:61): apparmor="DENIED" operation="capable" class="cap" profile="/snap/snapd/21184/usr/lib/snapd/snap-confine" pid=2681 comm="snap-confine" capability=38  capname="perfmon"
[   37.121286] audit: type=1107 audit(1710272243.354:62): pid=862 uid=102 auid=4294967295 ses=4294967295 subj=unconfined msg='apparmor="DENIED" operation="dbus_method_call"  bus="system" path="/org/freedesktop/PolicyKit1/Authority" interface="org.freedesktop.DBus.Properties" member="GetAll" mask="send" name=":1.9" pid=2310 label="snap.snap-store.ubuntu-software" peer_pid=877 peer_label="unconfined"
                exe="/usr/bin/dbus-daemon" sauid=102 hostname=? addr=? terminal=?'
[   37.121463] audit: type=1107 audit(1710272243.354:63): pid=862 uid=102 auid=4294967295 ses=4294967295 subj=unconfined msg='apparmor="DENIED" operation="dbus_method_call"  bus="system" path="/org/freedesktop/PolicyKit1/Authority" interface="org.freedesktop.PolicyKit1.Authority" member="CheckAuthorization" mask="send" name=":1.9" pid=2310 label="snap.snap-store.ubuntu-software" peer_pid=877 peer_label="unconfined"
                exe="/usr/bin/dbus-daemon" sauid=102 hostname=? addr=? terminal=?'
[   37.304936] kauditd_printk_skb: 2 callbacks suppressed
[   37.304937] audit: type=1400 audit(1710272243.538:66): apparmor="DENIED" operation="open" class="file" profile="snap.snap-store.ubuntu-software" name="/etc/appstream.conf" pid=2310 comm="snap-store" requested_mask="r" denied_mask="r" fsuid=1000 ouid=0
[   59.558427] usb 1-11: new low-speed USB device number 7 using xhci_hcd
[   59.711344] usb 1-11: New USB device found, idVendor=046d, idProduct=c077, bcdDevice=72.00
[   59.711362] usb 1-11: New USB device strings: Mfr=1, Product=2, SerialNumber=0
[   59.711368] usb 1-11: Product: USB Optical Mouse
[   59.711373] usb 1-11: Manufacturer: Logitech
[   59.716517] input: Logitech USB Optical Mouse as /devices/pci0000:00/0000:00:14.0/usb1/1-11/1-11:1.0/0003:046D:C077.0004/input/input21
[   59.717469] hid-generic 0003:046D:C077.0004: input,hidraw3: USB HID v1.11 Mouse [Logitech USB Optical Mouse] on usb-0000:00:14.0-11/input0
[  947.516816] usb 1-8: USB disconnect, device number 4
[  953.362416] usb 1-8: new high-speed USB device number 8 using xhci_hcd
[  953.511585] usb 1-8: New USB device found, idVendor=2bc5, idProduct=0401, bcdDevice= 0.01
[  953.511603] usb 1-8: New USB device strings: Mfr=1, Product=2, SerialNumber=0
[  953.511610] usb 1-8: Product: ORBBEC Depth Sensor
[  953.511614] usb 1-8: Manufacturer: Orbbec(R)
